Microchip MPLAB XC8 Compiler V2.00 ()

Linker command line:

-W-3 --edf=C:\Program Files (x86)\Microchip\xc8\v2.00\pic\dat\en_msgs.txt \
  -cs -h+dist/default/production\tmp112x_lib.X.production.sym \
  --cmf=dist/default/production\tmp112x_lib.X.production.cmf -z -Q16F18323 \
  -oC:\Users\Raphael\AppData\Local\Temp\s6a8.2 --defsym=__MPLAB_BUILD=1 \
  -Mdist/default/production/tmp112x_lib.X.production.map -E1 -ver=XC8 \
  --acfsm=1493 -ASTACK=0201Dh-020efh -pstack=STACK -ACODE=00h-07FFh \
  -ASTRCODE=00h-07FFh -ASTRING=00h-0FFhx8 -ACONST=00h-0FFhx8 \
  -AENTRY=00h-0FFhx8 -ACOMMON=070h-07Fh -ABANK0=020h-06Fh -ABANK1=0A0h-0EFh \
  -ABANK2=0120h-016Fh -ABIGRAM=02000h-020EFh \
  -ARAM=020h-06Fh,0A0h-0EFh,0120h-016Fh \
  -AABS1=020h-07Fh,0A0h-0EFh,0120h-016Fh -ASFR0=00h-01Fh -ASFR1=080h-09Fh \
  -ASFR2=0100h-011Fh -ASFR3=0180h-01EFh -ASFR4=0200h-026Fh \
  -ASFR5=0280h-02EFh -ASFR6=0300h-036Fh -ASFR7=0380h-03EFh \
  -ASFR8=0400h-046Fh -ASFR9=0480h-04EFh -ASFR10=0500h-056Fh \
  -ASFR11=0580h-05EFh -ASFR12=0600h-066Fh -ASFR13=0680h-06EFh \
  -ASFR14=0700h-076Fh -ASFR15=0780h-07EFh -ASFR16=0800h-086Fh \
  -ASFR17=0880h-08EFh -ASFR18=0900h-096Fh -ASFR19=0980h-09EFh \
  -ASFR20=0A00h-0A6Fh -ASFR21=0A80h-0AEFh -ASFR22=0B00h-0B6Fh \
  -ASFR23=0B80h-0BEFh -ASFR24=0C00h-0C6Fh -ASFR25=0C80h-0CEFh \
  -ASFR26=0D00h-0D6Fh -ASFR27=0D80h-0DEFh -ASFR28=0E00h-0E6Fh \
  -ASFR29=0E80h-0EEFh -ASFR30=0F00h-0F6Fh -ASFR31=0F80h-0FEFh \
  -preset_vec=00h,intentry,init,end_init -ppowerup=CODE -pcinit=CODE \
  -pfunctab=ENTRY -ACONFIG=08007h-0800Ah -pconfig=CONFIG -DCONFIG=2 \
  -AIDLOC=08000h-08003h -pidloc=IDLOC -DIDLOC=2 -AEEDATA=00h-0FFh/0F000h \
  -peeprom_data=EEDATA -DEEDATA=2 -DCODE=2 -DSTRCODE=2 -DSTRING=2 -DCONST=2 \
  -DENTRY=2 -k C:\Users\Raphael\AppData\Local\Temp\s6a8.o \
  dist/default/production\tmp112x_lib.X.production.o 

Object code version is 3.11

Machine type is 16F18323



                Name                               Link     Load   Length Selector   Space Scale
C:\Users\Raphael\AppData\Local\Temp\s6a8.o
                end_init                              1        1        1        0       0
                reset_vec                             0        0        1        0       0
                config                             8007     8007        4    1000E       0
dist/default/production\tmp112x_lib.X.production.o
                cinit                               7F1      7F1        F      FE2       0
                text10                              728      728        5      E50       0
                text9                               72D      72D        5      E5A       0
                text8                               732      732        5      E64       0
                text7                               7A2      7A2       21      F44       0
                text6                               74A      74A        9      E94       0
                text5                               7C3      7C3       2E      F86       0
                text4                               742      742        8      E84       0
                text3                               724      724        4      E48       0
                text2                               75F      75F       10      EBE       0
                text1                               76F      76F       13      EDE       0
                maintext                            737      737        5      E6E       0
                cstackCOMMON                         7B       7B        2       70       1
                clrtext                             73C      73C        6      E78       0
                bssBANK0                             20       20       1D       20       1
                bssCOMMON                            76       76        5       70       1
                nvCOMMON                             70       70        6       70       1
                stringtext2                         753      753        C      EA6       0
                stringtext1                         782      782       20      F04       0

TOTAL           Name                               Link     Load   Length     Space
        CLASS   STACK          

        CLASS   CODE           
                end_init                              1        1        1         0
                cinit                               7F1      7F1        F         0
                reset_vec                             0        0        1         0
                text10                              728      728        5         0
                text9                               72D      72D        5         0
                text8                               732      732        5         0
                text7                               7A2      7A2       21         0
                text6                               74A      74A        9         0
                text5                               7C3      7C3       2E         0
                text4                               742      742        8         0
                text3                               724      724        4         0
                text2                               75F      75F       10         0
                text1                               76F      76F       13         0
                maintext                            737      737        5         0
                clrtext                             73C      73C        6         0

        CLASS   STRCODE        
                stringtext2                         753      753        C         0
                stringtext1                         782      782       20         0

        CLASS   STRING         

        CLASS   CONST          

        CLASS   ENTRY          

        CLASS   COMMON         
                cstackCOMMON                         7B       7B        2         1
                bssCOMMON                            76       76        5         1
                nvCOMMON                             70       70        6         1

        CLASS   BANK0          
                bssBANK0                             20       20       1D         1

        CLASS   BANK1          

        CLASS   BANK2          

        CLASS   BIGRAM         

        CLASS   RAM            

        CLASS   ABS1           
                abs_s1                               7E       7E        2         1

        CLASS   SFR0           

        CLASS   SFR1           

        CLASS   SFR2           

        CLASS   SFR3           

        CLASS   SFR4           

        CLASS   SFR5           

        CLASS   SFR6           

        CLASS   SFR7           

        CLASS   SFR8           

        CLASS   SFR9           

        CLASS   SFR10          

        CLASS   SFR11          

        CLASS   SFR12          

        CLASS   SFR13          

        CLASS   SFR14          

        CLASS   SFR15          

        CLASS   SFR16          

        CLASS   SFR17          

        CLASS   SFR18          

        CLASS   SFR19          

        CLASS   SFR20          

        CLASS   SFR21          

        CLASS   SFR22          

        CLASS   SFR23          

        CLASS   SFR24          

        CLASS   SFR25          

        CLASS   SFR26          

        CLASS   SFR27          

        CLASS   SFR28          

        CLASS   SFR29          

        CLASS   SFR30          

        CLASS   SFR31          

        CLASS   CONFIG         
                config                             8007     8007        4         0

        CLASS   IDLOC          

        CLASS   EEDATA         

        CLASS   BANK31         

        CLASS   BANK30         

        CLASS   BANK29         

        CLASS   BANK28         

        CLASS   BANK27         

        CLASS   BANK26         

        CLASS   BANK25         

        CLASS   BANK24         

        CLASS   BANK23         

        CLASS   BANK22         

        CLASS   BANK21         

        CLASS   BANK20         

        CLASS   BANK19         

        CLASS   BANK18         

        CLASS   BANK17         

        CLASS   BANK16         

        CLASS   BANK15         

        CLASS   BANK14         

        CLASS   BANK13         

        CLASS   BANK12         

        CLASS   BANK11         

        CLASS   BANK10         

        CLASS   BANK9          

        CLASS   BANK8          

        CLASS   BANK7          

        CLASS   BANK6          

        CLASS   BANK5          

        CLASS   BANK4          

        CLASS   BANK3          



SEGMENTS        Name                           Load    Length   Top    Selector   Space  Class     Delta

                reset_vec                      000000  000002  000002         0       0  CODE        2
                bssBANK0                       000020  00001D  00003D        20       1  BANK0       1
                nvCOMMON                       000070  00000D  00007D        70       1  COMMON      1
                text3                          000724  000004  000728       E48       0  CODE        2
                text10                         000728  000005  00072D       E50       0  CODE        2
                text9                          00072D  000005  000732       E5A       0  CODE        2
                text8                          000732  000005  000737       E64       0  CODE        2
                maintext                       000737  000005  00073C       E6E       0  CODE        2
                clrtext                        00073C  000006  000742       E78       0  CODE        2
                text4                          000742  000008  00074A       E84       0  CODE        2
                text6                          00074A  000009  000753       E94       0  CODE        2
                stringtext2                    000753  00000C  00075F       EA6       0  STRCODE     2
                text2                          00075F  000010  00076F       EBE       0  CODE        2
                text1                          00076F  000013  000782       EDE       0  CODE        2
                stringtext1                    000782  000020  0007A2       F04       0  STRCODE     2
                text7                          0007A2  000021  0007C3       F44       0  CODE        2
                text5                          0007C3  00002E  0007F1       F86       0  CODE        2
                cinit                          0007F1  00000F  000800       FE2       0  CODE        2
                config                         008007  000004  00800B     1000E       0  CONFIG      2


UNUSED ADDRESS RANGES

        Name                Unused          Largest block    Delta
        BANK0            0003D-0006F              33           1
        BANK1            000A0-000EF              50           1
        BANK2            00120-0016F              50           1
        BIGRAM           02000-020EF              F0           1
        CODE             00002-00723             722           2
        COMMON           0007D-0007D               1           1
        CONST            00002-00723             100           2
        EEDATA           0F000-0F0FF             100           2
        ENTRY            00002-00723             100           2
        IDLOC            08000-08003               4           2
        RAM              0003D-0006F              33           1
                         000A0-000EF              50
                         00120-0016F              50
        SFR0             00000-0001F              20           1
        SFR1             00080-0009F              20           1
        SFR10            00500-0056F              70           1
        SFR11            00580-005EF              70           1
        SFR12            00600-0066F              70           1
        SFR13            00680-006EF              70           1
        SFR14            00700-0076F              70           1
        SFR15            00780-007EF              70           1
        SFR16            00800-0086F              70           1
        SFR17            00880-008EF              70           1
        SFR18            00900-0096F              70           1
        SFR19            00980-009EF              70           1
        SFR2             00100-0011F              20           1
        SFR20            00A00-00A6F              70           1
        SFR21            00A80-00AEF              70           1
        SFR22            00B00-00B6F              70           1
        SFR23            00B80-00BEF              70           1
        SFR24            00C00-00C6F              70           1
        SFR25            00C80-00CEF              70           1
        SFR26            00D00-00D6F              70           1
        SFR27            00D80-00DEF              70           1
        SFR28            00E00-00E6F              70           1
        SFR29            00E80-00EEF              70           1
        SFR3             00180-001EF              70           1
        SFR30            00F00-00F6F              70           1
        SFR31            00F80-00FEF              70           1
        SFR4             00200-0026F              70           1
        SFR5             00280-002EF              70           1
        SFR6             00300-0036F              70           1
        SFR7             00380-003EF              70           1
        SFR8             00400-0046F              70           1
        SFR9             00480-004EF              70           1
        STACK            0201D-020EF              D3           1
        STRCODE          00002-00723             722           2
        STRING           00002-00723             100           2

                                  Symbol Table

EUSART_SetErrorHandler@interruptHandler        cstackCOMMON 0007B
EUSART_SetFramingErrorHandler@interruptHandler cstackCOMMON 0007B
EUSART_SetOverrunErrorHandler@interruptHandler cstackCOMMON 0007B
_ANSELA                                        (abs)        0018C
_ANSELC                                        (abs)        0018E
_BAUD1CON                                      (abs)        0019F
_EUSART_DefaultErrorHandler                    (abs)        00000
_EUSART_DefaultFramingErrorHandler             (abs)        00000
_EUSART_DefaultOverrunErrorHandler             (abs)        00000
_EUSART_ErrorHandler                           nvCOMMON     00070
_EUSART_FramingErrorHandler                    nvCOMMON     00074
_EUSART_Initialize                             text7        007A2
_EUSART_OverrunErrorHandler                    nvCOMMON     00072
_EUSART_Read                                   (abs)        00000
_EUSART_SetErrorHandler                        text10       00728
_EUSART_SetFramingErrorHandler                 text9        0072D
_EUSART_SetOverrunErrorHandler                 text8        00732
_EUSART_Write                                  (abs)        00000
_EUSART_is_rx_ready                            (abs)        00000
_EUSART_is_tx_done                             (abs)        00000
_EUSART_is_tx_ready                            (abs)        00000
_INLVLA                                        (abs)        0038C
_INLVLC                                        (abs)        0038E
_LATA                                          (abs)        0010C
_LATC                                          (abs)        0010E
_ODCONA                                        (abs)        0028C
_ODCONC                                        (abs)        0028E
_OSCCON1                                       (abs)        00919
_OSCCON3                                       (abs)        0091B
_OSCEN                                         (abs)        0091D
_OSCFRQ                                        (abs)        0091F
_OSCILLATOR_Initialize                         text6        0074A
_OSCTUNE                                       (abs)        0091E
_PIE1bits                                      (abs)        00091
_PIN_MANAGER_Initialize                        text5        007C3
_PIR1bits                                      (abs)        00011
_PMD0                                          (abs)        00911
_PMD1                                          (abs)        00912
_PMD2                                          (abs)        00913
_PMD3                                          (abs)        00914
_PMD4                                          (abs)        00915
_PMD5                                          (abs)        00916
_PMD_Initialize                                text4        00742
_RA4PPS                                        (abs)        00E94
_RA5PPS                                        (abs)        00E95
_RC1REG                                        (abs)        00199
_RC1STA                                        (abs)        0019D
_RC1STAbits                                    (abs)        0019D
_RC5PPS                                        (abs)        00EA5
_RXPPS                                         (abs)        00E24
_SLRCONA                                       (abs)        0030C
_SLRCONC                                       (abs)        0030E
_SP1BRGH                                       (abs)        0019C
_SP1BRGL                                       (abs)        0019B
_SSP1ADD                                       (abs)        00212
_SSP1BUF                                       (abs)        00211
_SSP1CLKPPS                                    (abs)        00E20
_SSP1CON1                                      (abs)        00215
_SSP1CON1bits                                  (abs)        00215
_SSP1CON2                                      (abs)        00216
_SSP1CON2bits                                  (abs)        00216
_SSP1DATPPS                                    (abs)        00E21
_SSP1MSK                                       (abs)        00213
_SSP1STAT                                      (abs)        00214
_SSP1STATbits                                  (abs)        00214
_SSPADD                                        (abs)        00212
_SSPBUF                                        (abs)        00211
_SSPCON1                                       (abs)        00215
_SSPCON1bits                                   (abs)        00215
_SSPCON2                                       (abs)        00216
_SSPCON2bits                                   (abs)        00216
_SSPSTAT                                       (abs)        00214
_SSPSTATbits                                   (abs)        00214
_SYSTEM_Initialize                             text1        0076F
_TRISA                                         (abs)        0008C
_TRISC                                         (abs)        0008E
_TRISCbits                                     (abs)        0008E
_TX1REG                                        (abs)        0019A
_TX1STA                                        (abs)        0019E
_TX1STAbits                                    (abs)        0019E
_WDTCON                                        (abs)        00097
_WDT_Initialize                                text3        00724
_WPUA                                          (abs)        0020C
_WPUC                                          (abs)        0020E
__CFG_BOREN$ON                                 (abs)        00000
__CFG_BORV$LOW                                 (abs)        00000
__CFG_CLKOUTEN$OFF                             (abs)        00000
__CFG_CP$OFF                                   (abs)        00000
__CFG_CPD$OFF                                  (abs)        00000
__CFG_CSWEN$ON                                 (abs)        00000
__CFG_DEBUG$OFF                                (abs)        00000
__CFG_FCMEN$ON                                 (abs)        00000
__CFG_FEXTOSC$OFF                              (abs)        00000
__CFG_LPBOREN$OFF                              (abs)        00000
__CFG_LVP$OFF                                  (abs)        00000
__CFG_MCLRE$ON                                 (abs)        00000
__CFG_PPS1WAY$ON                               (abs)        00000
__CFG_PWRTE$OFF                                (abs)        00000
__CFG_RSTOSC$HFINT1                            (abs)        00000
__CFG_STVREN$ON                                (abs)        00000
__CFG_WDTE$OFF                                 (abs)        00000
__CFG_WRT$OFF                                  (abs)        00000
__Habs1                                        abs1         00000
__Hbank0                                       bank0        00000
__Hbank1                                       bank1        00000
__Hbank10                                      bank10       00000
__Hbank11                                      bank11       00000
__Hbank12                                      bank12       00000
__Hbank13                                      bank13       00000
__Hbank14                                      bank14       00000
__Hbank15                                      bank15       00000
__Hbank16                                      bank16       00000
__Hbank17                                      bank17       00000
__Hbank18                                      bank18       00000
__Hbank19                                      bank19       00000
__Hbank2                                       bank2        00000
__Hbank20                                      bank20       00000
__Hbank21                                      bank21       00000
__Hbank22                                      bank22       00000
__Hbank23                                      bank23       00000
__Hbank24                                      bank24       00000
__Hbank25                                      bank25       00000
__Hbank26                                      bank26       00000
__Hbank27                                      bank27       00000
__Hbank28                                      bank28       00000
__Hbank29                                      bank29       00000
__Hbank3                                       bank3        00000
__Hbank30                                      bank30       00000
__Hbank31                                      bank31       00000
__Hbank4                                       bank4        00000
__Hbank5                                       bank5        00000
__Hbank6                                       bank6        00000
__Hbank7                                       bank7        00000
__Hbank8                                       bank8        00000
__Hbank9                                       bank9        00000
__Hbigram                                      bigram       00000
__HbssBANK0                                    bssBANK0     00000
__HbssCOMMON                                   bssCOMMON    00000
__Hcinit                                       cinit        00800
__Hclrtext                                     clrtext      00000
__Hcode                                        code         00000
__Hcommon                                      common       00000
__Hconfig                                      config       0800B
__HcstackCOMMON                                cstackCOMMON 00000
__Heeprom_data                                 eeprom_data  00000
__Hend_init                                    end_init     00002
__Hfunctab                                     functab      00000
__Hidloc                                       idloc        00000
__Hinit                                        init         00001
__Hintentry                                    intentry     00001
__Hmaintext                                    maintext     00000
__HnvCOMMON                                    nvCOMMON     00000
__Hpowerup                                     powerup      00000
__Hram                                         ram          00000
__Hreset_vec                                   reset_vec    00001
__Hsfr0                                        sfr0         00000
__Hsfr1                                        sfr1         00000
__Hsfr10                                       sfr10        00000
__Hsfr11                                       sfr11        00000
__Hsfr12                                       sfr12        00000
__Hsfr13                                       sfr13        00000
__Hsfr14                                       sfr14        00000
__Hsfr15                                       sfr15        00000
__Hsfr16                                       sfr16        00000
__Hsfr17                                       sfr17        00000
__Hsfr18                                       sfr18        00000
__Hsfr19                                       sfr19        00000
__Hsfr2                                        sfr2         00000
__Hsfr20                                       sfr20        00000
__Hsfr21                                       sfr21        00000
__Hsfr22                                       sfr22        00000
__Hsfr23                                       sfr23        00000
__Hsfr24                                       sfr24        00000
__Hsfr25                                       sfr25        00000
__Hsfr26                                       sfr26        00000
__Hsfr27                                       sfr27        00000
__Hsfr28                                       sfr28        00000
__Hsfr29                                       sfr29        00000
__Hsfr3                                        sfr3         00000
__Hsfr30                                       sfr30        00000
__Hsfr31                                       sfr31        00000
__Hsfr4                                        sfr4         00000
__Hsfr5                                        sfr5         00000
__Hsfr6                                        sfr6         00000
__Hsfr7                                        sfr7         00000
__Hsfr8                                        sfr8         00000
__Hsfr9                                        sfr9         00000
__Hspace_0                                     (abs)        0800B
__Hspace_1                                     (abs)        0007D
__Hspace_2                                     (abs)        00000
__Hspace_3                                     (abs)        00000
__Hstack                                       stack        00000
__Hstrings                                     strings      00000
__Hstringtext1                                 stringtext1  00000
__Hstringtext2                                 stringtext2  00000
__Htext                                        text         00000
__Labs1                                        abs1         00000
__Lbank0                                       bank0        00000
__Lbank1                                       bank1        00000
__Lbank10                                      bank10       00000
__Lbank11                                      bank11       00000
__Lbank12                                      bank12       00000
__Lbank13                                      bank13       00000
__Lbank14                                      bank14       00000
__Lbank15                                      bank15       00000
__Lbank16                                      bank16       00000
__Lbank17                                      bank17       00000
__Lbank18                                      bank18       00000
__Lbank19                                      bank19       00000
__Lbank2                                       bank2        00000
__Lbank20                                      bank20       00000
__Lbank21                                      bank21       00000
__Lbank22                                      bank22       00000
__Lbank23                                      bank23       00000
__Lbank24                                      bank24       00000
__Lbank25                                      bank25       00000
__Lbank26                                      bank26       00000
__Lbank27                                      bank27       00000
__Lbank28                                      bank28       00000
__Lbank29                                      bank29       00000
__Lbank3                                       bank3        00000
__Lbank30                                      bank30       00000
__Lbank31                                      bank31       00000
__Lbank4                                       bank4        00000
__Lbank5                                       bank5        00000
__Lbank6                                       bank6        00000
__Lbank7                                       bank7        00000
__Lbank8                                       bank8        00000
__Lbank9                                       bank9        00000
__Lbigram                                      bigram       00000
__LbssBANK0                                    bssBANK0     00000
__LbssCOMMON                                   bssCOMMON    00000
__Lcinit                                       cinit        007F1
__Lclrtext                                     clrtext      00000
__Lcode                                        code         00000
__Lcommon                                      common       00000
__Lconfig                                      config       08007
__LcstackCOMMON                                cstackCOMMON 00000
__Leeprom_data                                 eeprom_data  00000
__Lend_init                                    end_init     00001
__Lfunctab                                     functab      00000
__Lidloc                                       idloc        00000
__Linit                                        init         00001
__Lintentry                                    intentry     00001
__Lmaintext                                    maintext     00000
__LnvCOMMON                                    nvCOMMON     00000
__Lpowerup                                     powerup      00000
__Lram                                         ram          00000
__Lreset_vec                                   reset_vec    00000
__Lsfr0                                        sfr0         00000
__Lsfr1                                        sfr1         00000
__Lsfr10                                       sfr10        00000
__Lsfr11                                       sfr11        00000
__Lsfr12                                       sfr12        00000
__Lsfr13                                       sfr13        00000
__Lsfr14                                       sfr14        00000
__Lsfr15                                       sfr15        00000
__Lsfr16                                       sfr16        00000
__Lsfr17                                       sfr17        00000
__Lsfr18                                       sfr18        00000
__Lsfr19                                       sfr19        00000
__Lsfr2                                        sfr2         00000
__Lsfr20                                       sfr20        00000
__Lsfr21                                       sfr21        00000
__Lsfr22                                       sfr22        00000
__Lsfr23                                       sfr23        00000
__Lsfr24                                       sfr24        00000
__Lsfr25                                       sfr25        00000
__Lsfr26                                       sfr26        00000
__Lsfr27                                       sfr27        00000
__Lsfr28                                       sfr28        00000
__Lsfr29                                       sfr29        00000
__Lsfr3                                        sfr3         00000
__Lsfr30                                       sfr30        00000
__Lsfr31                                       sfr31        00000
__Lsfr4                                        sfr4         00000
__Lsfr5                                        sfr5         00000
__Lsfr6                                        sfr6         00000
__Lsfr7                                        sfr7         00000
__Lsfr8                                        sfr8         00000
__Lsfr9                                        sfr9         00000
__Lspace_0                                     (abs)        00000
__Lspace_1                                     (abs)        00000
__Lspace_2                                     (abs)        00000
__Lspace_3                                     (abs)        00000
__Lstack                                       stack        00000
__Lstrings                                     strings      00000
__Lstringtext1                                 stringtext1  00000
__Lstringtext2                                 stringtext2  00000
__Ltext                                        text         00000
__S0                                           (abs)        0800B
__S1                                           (abs)        0007D
__S2                                           (abs)        00000
__S3                                           (abs)        00000
___int_sp                                      stack        00000
___latbits                                     (abs)        00000
___sp                                          stack        00000
__end_of_EUSART_Initialize                     text7        007C3
__end_of_EUSART_SetErrorHandler                text10       0072D
__end_of_EUSART_SetFramingErrorHandler         text9        00732
__end_of_EUSART_SetOverrunErrorHandler         text8        00737
__end_of_OSCILLATOR_Initialize                 text6        00753
__end_of_PIN_MANAGER_Initialize                text5        007F1
__end_of_PMD_Initialize                        text4        0074A
__end_of_SYSTEM_Initialize                     text1        00782
__end_of_WDT_Initialize                        text3        00728
__end_of__initialization                       cinit        007FE
__end_of_fsmStateTable                         stringtext1  007A2
__end_of_i2c1_driver_open                      text2        0076F
__end_of_main                                  maintext     0073C
__end_of_uart                                  stringtext2  0075F
__initialization                               cinit        007F1
__pbssBANK0                                    bssBANK0     00020
__pbssCOMMON                                   bssCOMMON    00076
__pcstackCOMMON                                cstackCOMMON 0007B
__pmaintext                                    maintext     00737
__pnvCOMMON                                    nvCOMMON     00070
__pstringtext1                                 stringtext1  00782
__pstringtext2                                 stringtext2  00753
__ptext1                                       text1        0076F
__ptext10                                      text10       00728
__ptext2                                       text2        0075F
__ptext3                                       text3        00724
__ptext4                                       text4        00742
__ptext5                                       text5        007C3
__ptext6                                       text6        0074A
__ptext7                                       text7        007A2
__ptext8                                       text8        00732
__ptext9                                       text9        0072D
__size_of_EUSART_Initialize                    (abs)        00000
__size_of_EUSART_SetErrorHandler               (abs)        00000
__size_of_EUSART_SetFramingErrorHandler        (abs)        00000
__size_of_EUSART_SetOverrunErrorHandler        (abs)        00000
__size_of_OSCILLATOR_Initialize                (abs)        00000
__size_of_PIN_MANAGER_Initialize               (abs)        00000
__size_of_PMD_Initialize                       (abs)        00000
__size_of_SYSTEM_Initialize                    (abs)        00000
__size_of_WDT_Initialize                       (abs)        00000
__size_of_i2c1_driver_open                     (abs)        00000
__size_of_main                                 (abs)        00000
_do_I2C_DO_ACK                                 (abs)        00000
_do_I2C_DO_ADDRESS_NACK                        (abs)        00000
_do_I2C_DO_NACK_RESTART                        (abs)        00000
_do_I2C_DO_NACK_STOP                           (abs)        00000
_do_I2C_IDLE                                   (abs)        00000
_do_I2C_RCEN                                   (abs)        00000
_do_I2C_RESET                                  (abs)        00000
_do_I2C_RX                                     (abs)        00000
_do_I2C_SEND_ADR_READ                          (abs)        00000
_do_I2C_SEND_ADR_WRITE                         (abs)        00000
_do_I2C_SEND_RESTART                           (abs)        00000
_do_I2C_SEND_RESTART_READ                      (abs)        00000
_do_I2C_SEND_RESTART_WRITE                     (abs)        00000
_do_I2C_SEND_STOP                              (abs)        00000
_do_I2C_TX                                     (abs)        00000
_do_I2C_TX_EMPTY                               (abs)        00000
_eusartRxLastError                             bssCOMMON    0007A
_fsmStateTable                                 stringtext1  00782
_i2c1_driver_busCollisionISR                   bssCOMMON    00078
_i2c1_driver_i2cISR                            bssCOMMON    00076
_i2c1_driver_open                              text2        0075F
_i2c_ISR                                       (abs)        00000
_i2c_busCollisionISR                           (abs)        00000
_i2c_status                                    bssBANK0     00020
_main                                          maintext     00737
_returnReset                                   (abs)        00000
_returnStop                                    (abs)        00000
btemp                                          (abs)        0007E
clear_ram0                                     clrtext      0073C
end_of_initialization                          cinit        007FE
intlevel0                                      functab      00000
intlevel1                                      functab      00000
intlevel2                                      functab      00000
intlevel3                                      functab      00000
intlevel4                                      functab      00000
intlevel5                                      functab      00000
reset_vec                                      reset_vec    00000
stackhi                                        (abs)        020EF
stacklo                                        (abs)        0201D
start                                          init         00001
start_initialization                           cinit        007F1
wtemp0                                         (abs)        0007E


FUNCTION INFORMATION:

 *************** function _main *****************
 Defined at:
		line 49 in file "main.c"
 Parameters:    Size  Location     Type
		None
 Auto vars:     Size  Location     Type
		None
 Return value:  Size  Location     Type
                  1    wreg      void 
 Registers used:
		wreg, status,2, status,0, pclath, cstack
 Tracked objects:
		On entry : 
		On exit  : 
		Unchanged: 
 Data sizes:     COMMON   BANK0   BANK1   BANK2
      Params:         0       0       0       0
      Locals:         0       0       0       0
      Temps:          0       0       0       0
      Totals:         0       0       0       0
Total ram usage:        0 bytes
 Hardware stack levels required when called:    3
 This function calls:
		_SYSTEM_Initialize
 This function is called by:
		Startup code after reset
 This function uses a non-reentrant model


 *************** function _SYSTEM_Initialize *****************
 Defined at:
		line 50 in file "mcc_generated_files/mcc.c"
 Parameters:    Size  Location     Type
		None
 Auto vars:     Size  Location     Type
		None
 Return value:  Size  Location     Type
                  1    wreg      void 
 Registers used:
		wreg, status,2, status,0, pclath, cstack
 Tracked objects:
		On entry : 
		On exit  : 
		Unchanged: 
 Data sizes:     COMMON   BANK0   BANK1   BANK2
      Params:         0       0       0       0
      Locals:         0       0       0       0
      Temps:          0       0       0       0
      Totals:         0       0       0       0
Total ram usage:        0 bytes
 Hardware stack levels used:    1
 Hardware stack levels required when called:    2
 This function calls:
		_EUSART_Initialize
		_OSCILLATOR_Initialize
		_PIN_MANAGER_Initialize
		_PMD_Initialize
		_WDT_Initialize
		_i2c1_driver_open
 This function is called by:
		_main
 This function uses a non-reentrant model


 *************** function _i2c1_driver_open *****************
 Defined at:
		line 84 in file "mcc_generated_files/i2c1_driver.c"
 Parameters:    Size  Location     Type
		None
 Auto vars:     Size  Location     Type
		None
 Return value:  Size  Location     Type
		None               void
 Registers used:
		wreg, status,2
 Tracked objects:
		On entry : 
		On exit  : 
		Unchanged: 
 Data sizes:     COMMON   BANK0   BANK1   BANK2
      Params:         0       0       0       0
      Locals:         0       0       0       0
      Temps:          0       0       0       0
      Totals:         0       0       0       0
Total ram usage:        0 bytes
 Hardware stack levels used:    1
 This function calls:
		Nothing
 This function is called by:
		_SYSTEM_Initialize
		_i2c_open
 This function uses a non-reentrant model


 *************** function _WDT_Initialize *****************
 Defined at:
		line 75 in file "mcc_generated_files/mcc.c"
 Parameters:    Size  Location     Type
		None
 Auto vars:     Size  Location     Type
		None
 Return value:  Size  Location     Type
                  1    wreg      void 
 Registers used:
		wreg
 Tracked objects:
		On entry : 
		On exit  : 
		Unchanged: 
 Data sizes:     COMMON   BANK0   BANK1   BANK2
      Params:         0       0       0       0
      Locals:         0       0       0       0
      Temps:          0       0       0       0
      Totals:         0       0       0       0
Total ram usage:        0 bytes
 Hardware stack levels used:    1
 This function calls:
		Nothing
 This function is called by:
		_SYSTEM_Initialize
 This function uses a non-reentrant model


 *************** function _PMD_Initialize *****************
 Defined at:
		line 81 in file "mcc_generated_files/mcc.c"
 Parameters:    Size  Location     Type
		None
 Auto vars:     Size  Location     Type
		None
 Return value:  Size  Location     Type
                  1    wreg      void 
 Registers used:
		status,2
 Tracked objects:
		On entry : 
		On exit  : 
		Unchanged: 
 Data sizes:     COMMON   BANK0   BANK1   BANK2
      Params:         0       0       0       0
      Locals:         0       0       0       0
      Temps:          0       0       0       0
      Totals:         0       0       0       0
Total ram usage:        0 bytes
 Hardware stack levels used:    1
 This function calls:
		Nothing
 This function is called by:
		_SYSTEM_Initialize
 This function uses a non-reentrant model


 *************** function _PIN_MANAGER_Initialize *****************
 Defined at:
		line 55 in file "mcc_generated_files/pin_manager.c"
 Parameters:    Size  Location     Type
		None
 Auto vars:     Size  Location     Type
		None
 Return value:  Size  Location     Type
                  1    wreg      void 
 Registers used:
		wreg, status,2
 Tracked objects:
		On entry : 
		On exit  : 
		Unchanged: 
 Data sizes:     COMMON   BANK0   BANK1   BANK2
      Params:         0       0       0       0
      Locals:         0       0       0       0
      Temps:          0       0       0       0
      Totals:         0       0       0       0
Total ram usage:        0 bytes
 Hardware stack levels used:    1
 This function calls:
		Nothing
 This function is called by:
		_SYSTEM_Initialize
 This function uses a non-reentrant model


 *************** function _OSCILLATOR_Initialize *****************
 Defined at:
		line 61 in file "mcc_generated_files/mcc.c"
 Parameters:    Size  Location     Type
		None
 Auto vars:     Size  Location     Type
		None
 Return value:  Size  Location     Type
                  1    wreg      void 
 Registers used:
		wreg, status,2
 Tracked objects:
		On entry : 
		On exit  : 
		Unchanged: 
 Data sizes:     COMMON   BANK0   BANK1   BANK2
      Params:         0       0       0       0
      Locals:         0       0       0       0
      Temps:          0       0       0       0
      Totals:         0       0       0       0
Total ram usage:        0 bytes
 Hardware stack levels used:    1
 This function calls:
		Nothing
 This function is called by:
		_SYSTEM_Initialize
 This function uses a non-reentrant model


 *************** function _EUSART_Initialize *****************
 Defined at:
		line 66 in file "mcc_generated_files/eusart.c"
 Parameters:    Size  Location     Type
		None
 Auto vars:     Size  Location     Type
		None
 Return value:  Size  Location     Type
                  1    wreg      void 
 Registers used:
		wreg, status,2, status,0, pclath, cstack
 Tracked objects:
		On entry : 
		On exit  : 
		Unchanged: 
 Data sizes:     COMMON   BANK0   BANK1   BANK2
      Params:         0       0       0       0
      Locals:         0       0       0       0
      Temps:          0       0       0       0
      Totals:         0       0       0       0
Total ram usage:        0 bytes
 Hardware stack levels used:    1
 Hardware stack levels required when called:    1
 This function calls:
		_EUSART_SetErrorHandler
		_EUSART_SetFramingErrorHandler
		_EUSART_SetOverrunErrorHandler
 This function is called by:
		_SYSTEM_Initialize
 This function uses a non-reentrant model


 *************** function _EUSART_SetOverrunErrorHandler *****************
 Defined at:
		line 170 in file "mcc_generated_files/eusart.c"
 Parameters:    Size  Location     Type
  interruptHan    2    0[COMMON] PTR FTN()void 
		 -> EUSART_DefaultOverrunErrorHandler(1), 
 Auto vars:     Size  Location     Type
		None
 Return value:  Size  Location     Type
                  1    wreg      void 
 Registers used:
		wreg
 Tracked objects:
		On entry : 
		On exit  : 
		Unchanged: 
 Data sizes:     COMMON   BANK0   BANK1   BANK2
      Params:         2       0       0       0
      Locals:         0       0       0       0
      Temps:          0       0       0       0
      Totals:         2       0       0       0
Total ram usage:        2 bytes
 Hardware stack levels used:    1
 This function calls:
		Nothing
 This function is called by:
		_EUSART_Initialize
 This function uses a non-reentrant model


 *************** function _EUSART_SetFramingErrorHandler *****************
 Defined at:
		line 166 in file "mcc_generated_files/eusart.c"
 Parameters:    Size  Location     Type
  interruptHan    2    0[COMMON] PTR FTN()void 
		 -> EUSART_DefaultFramingErrorHandler(1), 
 Auto vars:     Size  Location     Type
		None
 Return value:  Size  Location     Type
                  1    wreg      void 
 Registers used:
		wreg
 Tracked objects:
		On entry : 
		On exit  : 
		Unchanged: 
 Data sizes:     COMMON   BANK0   BANK1   BANK2
      Params:         2       0       0       0
      Locals:         0       0       0       0
      Temps:          0       0       0       0
      Totals:         2       0       0       0
Total ram usage:        2 bytes
 Hardware stack levels used:    1
 This function calls:
		Nothing
 This function is called by:
		_EUSART_Initialize
 This function uses a non-reentrant model


 *************** function _EUSART_SetErrorHandler *****************
 Defined at:
		line 174 in file "mcc_generated_files/eusart.c"
 Parameters:    Size  Location     Type
  interruptHan    2    0[COMMON] PTR FTN()void 
		 -> EUSART_DefaultErrorHandler(1), 
 Auto vars:     Size  Location     Type
		None
 Return value:  Size  Location     Type
                  1    wreg      void 
 Registers used:
		wreg
 Tracked objects:
		On entry : 
		On exit  : 
		Unchanged: 
 Data sizes:     COMMON   BANK0   BANK1   BANK2
      Params:         2       0       0       0
      Locals:         0       0       0       0
      Temps:          0       0       0       0
      Totals:         2       0       0       0
Total ram usage:        2 bytes
 Hardware stack levels used:    1
 This function calls:
		Nothing
 This function is called by:
		_EUSART_Initialize
 This function uses a non-reentrant model



MODULE INFORMATION

Module		Function		Class		Link	Load	Size
mcc_generated_files/pin_manager.c
		_PIN_MANAGER_Initialize		CODE           	07C3	0000	47

mcc_generated_files/pin_manager.c estimated size: 47

shared
		_uart          		STRCODE        	0000	0000	0
		__initialization		CODE           	07F1	0000	14
		_fsmStateTable 		STRCODE        	0782	0000	33

shared estimated size: 47

mcc_generated_files/mcc.c
		_WDT_Initialize		CODE           	0724	0000	5
		_PMD_Initialize		CODE           	0742	0000	9
		_OSCILLATOR_Initialize		CODE           	074A	0000	10
		_SYSTEM_Initialize		CODE           	076F	0000	20

mcc_generated_files/mcc.c estimated size: 44

mcc_generated_files/i2c1_driver.c
		_i2c1_driver_open		CODE           	075F	0000	17

mcc_generated_files/i2c1_driver.c estimated size: 17

mcc_generated_files/eusart.c
		_EUSART_Initialize		CODE           	07A2	0000	34
		_EUSART_SetFramingErrorHandler		CODE           	072D	0000	6
		_EUSART_SetErrorHandler		CODE           	0728	0000	6
		_EUSART_SetOverrunErrorHandler		CODE           	0732	0000	6

mcc_generated_files/eusart.c estimated size: 52

main.c
		_main          		CODE           	0737	0000	6

main.c estimated size: 6

