Microchip MPLAB XC8 Compiler V2.00 ()

Linker command line:

-W-3 --edf=C:\Program Files (x86)\Microchip\xc8\v2.00\pic\dat\en_msgs.txt \
  -cs -h+dist/default/production\tmp112x_lib.X.production.sym \
  --cmf=dist/default/production\tmp112x_lib.X.production.cmf -z -Q16F18326 \
  -oC:\Users\Raphael\AppData\Local\Temp\s7c4.2 --defsym=__MPLAB_BUILD=1 \
  -Mdist/default/production/tmp112x_lib.X.production.map -E1 -ver=XC8 \
  --acfsm=1493 -ASTACK=02140h-027efh -pstack=STACK -ACODE=00h-07FFhx8 \
  -ASTRCODE=00h-03FFFh -ASTRING=00h-0FFhx64 -ACONST=00h-0FFhx64 \
  -AENTRY=00h-0FFhx64 -ACOMMON=070h-07Fh -ABANK0=020h-06Fh \
  -ABANK1=0A0h-0EFh -ABANK2=0120h-016Fh -ABANK3=01A0h-01EFh \
  -ABANK4=0220h-026Fh -ABANK5=02A0h-02EFh -ABANK6=0320h-036Fh \
  -ABANK7=03A0h-03EFh -ABANK8=0420h-046Fh -ABANK9=04A0h-04EFh \
  -ABANK10=0520h-056Fh -ABANK11=05A0h-05EFh -ABANK12=0620h-066Fh \
  -ABANK13=06A0h-06EFh -ABANK14=0720h-076Fh -ABANK15=07A0h-07EFh \
  -ABANK16=0820h-086Fh -ABANK17=08A0h-08EFh -ABANK18=0920h-096Fh \
  -ABANK19=09A0h-09EFh -ABANK20=0A20h-0A6Fh -ABANK21=0AA0h-0AEFh \
  -ABANK22=0B20h-0B6Fh -ABANK23=0BA0h-0BEFh -ABANK24=0C20h-0C6Fh \
  -ABANK25=0CA0h-0CBFh -ABIGRAM=02000h-027EFh \
  -ARAM=020h-06Fh,0A0h-0EFh,0120h-016Fh,01A0h-01EFh,0220h-026Fh,02A0h-02EFh,0320h-036Fh,03A0h-03EFh,0420h-046Fh,04A0h-04EFh,0520h-056Fh,05A0h-05EFh,0620h-066Fh,06A0h-06EFh,0720h-076Fh,07A0h-07EFh,0820h-086Fh,08A0h-08EFh,0920h-096Fh,09A0h-09EFh,0A20h-0A6Fh,0AA0h-0AEFh,0B20h-0B6Fh,0BA0h-0BEFh,0C20h-0C6Fh,0CA0h-0CBFh \
  -AABS1=020h-07Fh,0A0h-0EFh,0120h-016Fh,01A0h-01EFh,0220h-026Fh,02A0h-02EFh,0320h-036Fh,03A0h-03EFh,0420h-046Fh,04A0h-04EFh,0520h-056Fh,05A0h-05EFh,0620h-066Fh,06A0h-06EFh,0720h-076Fh,07A0h-07EFh,0820h-086Fh,08A0h-08EFh,0920h-096Fh,09A0h-09EFh,0A20h-0A6Fh,0AA0h-0AEFh,0B20h-0B6Fh,0BA0h-0BEFh,0C20h-0C6Fh,0CA0h-0CBFh \
  -ASFR0=00h-01Fh -ASFR1=080h-09Fh -ASFR2=0100h-011Fh -ASFR3=0180h-019Fh \
  -ASFR4=0200h-021Fh -ASFR5=0280h-029Fh -ASFR6=0300h-031Fh \
  -ASFR7=0380h-039Fh -ASFR8=0400h-041Fh -ASFR9=0480h-049Fh \
  -ASFR10=0500h-051Fh -ASFR11=0580h-059Fh -ASFR12=0600h-061Fh \
  -ASFR13=0680h-069Fh -ASFR14=0700h-071Fh -ASFR15=0780h-079Fh \
  -ASFR16=0800h-081Fh -ASFR17=0880h-089Fh -ASFR18=0900h-091Fh \
  -ASFR19=0980h-099Fh -ASFR20=0A00h-0A1Fh -ASFR21=0A80h-0A9Fh \
  -ASFR22=0B00h-0B1Fh -ASFR23=0B80h-0B9Fh -ASFR24=0C00h-0C1Fh \
  -ASFR25=0C80h-0C9Fh -ASFR26=0D00h-0D6Fh -ASFR27=0D80h-0DEFh \
  -ASFR28=0E00h-0E6Fh -ASFR29=0E80h-0EEFh -ASFR30=0F00h-0F6Fh \
  -ASFR31=0F80h-0FEFh -preset_vec=00h,intentry,init,end_init -ppowerup=CODE \
  -pcinit=CODE -pfunctab=ENTRY -ACONFIG=08007h-0800Ah -pconfig=CONFIG \
  -DCONFIG=2 -AIDLOC=08000h-08003h -pidloc=IDLOC -DIDLOC=2 \
  -AEEDATA=00h-0FFh/0F000h -peeprom_data=EEDATA -DEEDATA=2 -DCODE=2 \
  -DSTRCODE=2 -DSTRING=2 -DCONST=2 -DENTRY=2 -k \
  C:\Users\Raphael\AppData\Local\Temp\s7c4.o \
  dist/default/production\tmp112x_lib.X.production.o 

Object code version is 3.11

Machine type is 16F18326



                Name                               Link     Load   Length Selector   Space Scale
C:\Users\Raphael\AppData\Local\Temp\s7c4.o
                end_init                              2        2        2        0       0
                reset_vec                             0        0        2        0       0
                config                             8007     8007        4    1000E       0
dist/default/production\tmp112x_lib.X.production.o
                cinit                               7E7      7E7       19      FCE       0
                text50                             1C14     1C14        6     3828       0
                text49                             1C1A     1C1A        6     3834       0
                text48                             1C20     1C20        6     3840       0
                text47                             1D38     1D38       22     3A70       0
                text46                             1C2E     1C2E        9     385C       0
                text45                             1E3E     1E3E       2E     3C7C       0
                text44                             1C26     1C26        8     384C       0
                text43                             1000     1000        4     19D4       0
                text42                             1C7C     1C7C       10     38F8       0
                text41                             1C9C     1C9C       13     3938       0
                text40                             1C8C     1C8C       10     3918       0
                text39                             1C4B     1C4B        C     3896       0
                text38                             1C57     1C57        C     38AE       0
                text37                             1E6C     1E6C       33     3CD8       0
                text36                             1CAF     1CAF       17     395E       0
                text35                             1ED2     1ED2       43     3DA4       0
                text34                             1C63     1C63        C     38C6       0
                text33                             1DC3     1DC3       26     3B86       0
                text32                              806      806      26B     100C       0
                text31                             12DE     12DE       B4     25BC       0
                text30                             1392     1392       B6     2724       0
                text29                             1D5A     1D5A       22     3AB4       0
                text28                             1CC6     1CC6       19     398C       0
                text27                             1D7C     1D7C       23     3AF8       0
                text26                             1448     1448       EA     2890       0
                text25                             115E     115E       69     22BC       0
                text24                             109A     109A       5D     2134       0
                text23                             1621     1621      1DF     2C42       0
                text22                             1F59     1F59       50     3EB2       0
                text21                                7        7       AE        E       0
                text20                             1C6F     1C6F        D     38DE       0
                text19                              A71      A71      279     14E2       0
                text18                             1D17     1D17       21     3A2E       0
                text17                             124A     124A       94     2494       0
                text16                             11C7     11C7       83     238E       0
                text15                             1532     1532       EF     2A64       0
                text14                             1C40     1C40        B     3880       0
                text13                             1C37     1C37        9     386E       0
                text12                             1F15     1F15       44     3E2A       0
                text11                             1E13     1E13       2B     3C26       0
                text10                             1DE9     1DE9       2A     3BD2       0
                text9                              103E     103E       5C     207C       0
                text8                              1D9F     1D9F       24     3B3E       0
                text7                              1CDF     1CDF       19     39BE       0
                text6                              1E9F     1E9F       33     3D3E       0
                text5                                B5       B5      732      16A       0
                text4                              10F7     10F7       67     21EE       0
                text3                               CEA      CEA      316     19D4       0
                text2                              1004     1004       3A     2008       0
                text1                              1CF8     1CF8       1F     39F0       0
                maintext                           1FA9     1FA9       57     3F52       0
                cstackBANK0                          20       20       50       20       1
                cstackCOMMON                         70       70        E       70       1
                cstackBANK1                          A0       A0       4B       A0       1
                clrtext                             800      800        6      FCE       0
                bssBANK3                            1A0      1A0       50      1A0       1
                bssBANK2                            120      120       2D      120       1
                bssBANK1                             EB       EB        5       A0       1
                stringtext9                        206B     206B        3     4000       0
                stringtext8                        2067     2067        4     4000       0
                stringtext7                        2063     2063        4     4000       0
                stringtext6                        205F     205F        4     4000       0
                stringtext5                        205B     205B        4     4000       0
                stringtext4                        2051     2051        A     4000       0
                stringtext3                        2000     2000       25     4000       0
                nvBANK2                             14D      14D        6      120       1
                stringtext2                        2045     2045        C     4000       0
                stringtext1                        2025     2025       20     4000       0

TOTAL           Name                               Link     Load   Length     Space
        CLASS   STACK          

        CLASS   CODE           
                end_init                              2        2        2         0
                cinit                               7E7      7E7       19         0
                reset_vec                             0        0        2         0
                text50                             1C14     1C14        6         0
                text49                             1C1A     1C1A        6         0
                text48                             1C20     1C20        6         0
                text47                             1D38     1D38       22         0
                text46                             1C2E     1C2E        9         0
                text45                             1E3E     1E3E       2E         0
                text44                             1C26     1C26        8         0
                text43                             1000     1000        4         0
                text42                             1C7C     1C7C       10         0
                text41                             1C9C     1C9C       13         0
                text40                             1C8C     1C8C       10         0
                text39                             1C4B     1C4B        C         0
                text38                             1C57     1C57        C         0
                text37                             1E6C     1E6C       33         0
                text36                             1CAF     1CAF       17         0
                text35                             1ED2     1ED2       43         0
                text34                             1C63     1C63        C         0
                text33                             1DC3     1DC3       26         0
                text32                              806      806      26B         0
                text31                             12DE     12DE       B4         0
                text30                             1392     1392       B6         0
                text29                             1D5A     1D5A       22         0
                text28                             1CC6     1CC6       19         0
                text27                             1D7C     1D7C       23         0
                text26                             1448     1448       EA         0
                text25                             115E     115E       69         0
                text24                             109A     109A       5D         0
                text23                             1621     1621      1DF         0
                text22                             1F59     1F59       50         0
                text21                                7        7       AE         0
                text20                             1C6F     1C6F        D         0
                text19                              A71      A71      279         0
                text18                             1D17     1D17       21         0
                text17                             124A     124A       94         0
                text16                             11C7     11C7       83         0
                text15                             1532     1532       EF         0
                text14                             1C40     1C40        B         0
                text13                             1C37     1C37        9         0
                text12                             1F15     1F15       44         0
                text11                             1E13     1E13       2B         0
                text10                             1DE9     1DE9       2A         0
                text9                              103E     103E       5C         0
                text8                              1D9F     1D9F       24         0
                text7                              1CDF     1CDF       19         0
                text6                              1E9F     1E9F       33         0
                text5                                B5       B5      732         0
                text4                              10F7     10F7       67         0
                text3                               CEA      CEA      316         0
                text2                              1004     1004       3A         0
                text1                              1CF8     1CF8       1F         0
                maintext                           1FA9     1FA9       57         0
                clrtext                             800      800        6         0

        CLASS   STRCODE        
                stringtext9                        206B     206B        3         0
                stringtext8                        2067     2067        4         0
                stringtext7                        2063     2063        4         0
                stringtext6                        205F     205F        4         0
                stringtext5                        205B     205B        4         0
                stringtext4                        2051     2051        A         0
                stringtext3                        2000     2000       25         0
                stringtext2                        2045     2045        C         0
                stringtext1                        2025     2025       20         0

        CLASS   STRING         

        CLASS   CONST          

        CLASS   ENTRY          

        CLASS   COMMON         
                cstackCOMMON                         70       70        E         1

        CLASS   BANK0          
                cstackBANK0                          20       20       50         1

        CLASS   BANK1          
                cstackBANK1                          A0       A0       4B         1
                bssBANK1                             EB       EB        5         1

        CLASS   BANK2          
                bssBANK2                            120      120       2D         1
                nvBANK2                             14D      14D        6         1

        CLASS   BANK3          
                bssBANK3                            1A0      1A0       50         1

        CLASS   BANK4          

        CLASS   BANK5          

        CLASS   BANK6          

        CLASS   BANK7          

        CLASS   BANK8          

        CLASS   BANK9          

        CLASS   BANK10         

        CLASS   BANK11         

        CLASS   BANK12         

        CLASS   BANK13         

        CLASS   BANK14         

        CLASS   BANK15         

        CLASS   BANK16         

        CLASS   BANK17         

        CLASS   BANK18         

        CLASS   BANK19         

        CLASS   BANK20         

        CLASS   BANK21         

        CLASS   BANK22         

        CLASS   BANK23         

        CLASS   BANK24         

        CLASS   BANK25         

        CLASS   BIGRAM         

        CLASS   RAM            

        CLASS   ABS1           
                abs_s1                               7E       7E        2         1

        CLASS   SFR0           

        CLASS   SFR1           

        CLASS   SFR2           

        CLASS   SFR3           

        CLASS   SFR4           

        CLASS   SFR5           

        CLASS   SFR6           

        CLASS   SFR7           

        CLASS   SFR8           

        CLASS   SFR9           

        CLASS   SFR10          

        CLASS   SFR11          

        CLASS   SFR12          

        CLASS   SFR13          

        CLASS   SFR14          

        CLASS   SFR15          

        CLASS   SFR16          

        CLASS   SFR17          

        CLASS   SFR18          

        CLASS   SFR19          

        CLASS   SFR20          

        CLASS   SFR21          

        CLASS   SFR22          

        CLASS   SFR23          

        CLASS   SFR24          

        CLASS   SFR25          

        CLASS   SFR26          

        CLASS   SFR27          

        CLASS   SFR28          

        CLASS   SFR29          

        CLASS   SFR30          

        CLASS   SFR31          

        CLASS   CONFIG         
                config                             8007     8007        4         0

        CLASS   IDLOC          

        CLASS   EEDATA         

        CLASS   BANK31         

        CLASS   BANK30         

        CLASS   BANK29         

        CLASS   BANK28         

        CLASS   BANK27         

        CLASS   BANK26         



SEGMENTS        Name                           Load    Length   Top    Selector   Space  Class     Delta

                reset_vec                      000000  000004  000004         0       0  CODE        2
                text21                         000007  0000AE  0000B5         E       0  CODE        2
                cstackBANK0                    000020  000050  000070        20       1  BANK0       1
                cstackCOMMON                   000070  00000E  00007E        70       1  COMMON      1
                cstackBANK1                    0000A0  000050  0000F0        A0       1  BANK1       1
                bssBANK2                       000120  000033  000153       120       1  BANK2       1
                text5                          0000B5  000732  0007E7       16A       0  CODE        2
                bssBANK3                       0001A0  000050  0001F0       1A0       1  BANK3       1
                cinit                          0007E7  00001F  000806       FCE       0  CODE        2
                text32                         000806  00026B  000A71      100C       0  CODE        2
                text19                         000A71  000279  000CEA      14E2       0  CODE        2
                text3                          000CEA  00031A  001004      19D4       0  CODE        2
                text2                          001004  00003A  00103E      2008       0  CODE        2
                text9                          00103E  00005C  00109A      207C       0  CODE        2
                text24                         00109A  00005D  0010F7      2134       0  CODE        2
                text4                          0010F7  000067  00115E      21EE       0  CODE        2
                text25                         00115E  000069  0011C7      22BC       0  CODE        2
                text16                         0011C7  000083  00124A      238E       0  CODE        2
                text17                         00124A  000094  0012DE      2494       0  CODE        2
                text31                         0012DE  0000B4  001392      25BC       0  CODE        2
                text30                         001392  0000B6  001448      2724       0  CODE        2
                text26                         001448  0000EA  001532      2890       0  CODE        2
                text15                         001532  0000EF  001621      2A64       0  CODE        2
                text23                         001621  0001DF  001800      2C42       0  CODE        2
                text50                         001C14  000006  001C1A      3828       0  CODE        2
                text49                         001C1A  000006  001C20      3834       0  CODE        2
                text48                         001C20  000006  001C26      3840       0  CODE        2
                text44                         001C26  000008  001C2E      384C       0  CODE        2
                text46                         001C2E  000009  001C37      385C       0  CODE        2
                text13                         001C37  000009  001C40      386E       0  CODE        2
                text14                         001C40  00000B  001C4B      3880       0  CODE        2
                text39                         001C4B  00000C  001C57      3896       0  CODE        2
                text38                         001C57  00000C  001C63      38AE       0  CODE        2
                text34                         001C63  00000C  001C6F      38C6       0  CODE        2
                text20                         001C6F  00000D  001C7C      38DE       0  CODE        2
                text42                         001C7C  000010  001C8C      38F8       0  CODE        2
                text40                         001C8C  000010  001C9C      3918       0  CODE        2
                text41                         001C9C  000013  001CAF      3938       0  CODE        2
                text36                         001CAF  000017  001CC6      395E       0  CODE        2
                text28                         001CC6  000019  001CDF      398C       0  CODE        2
                text7                          001CDF  000019  001CF8      39BE       0  CODE        2
                text1                          001CF8  00001F  001D17      39F0       0  CODE        2
                text18                         001D17  000021  001D38      3A2E       0  CODE        2
                text47                         001D38  000022  001D5A      3A70       0  CODE        2
                text29                         001D5A  000022  001D7C      3AB4       0  CODE        2
                text27                         001D7C  000023  001D9F      3AF8       0  CODE        2
                text8                          001D9F  000024  001DC3      3B3E       0  CODE        2
                text33                         001DC3  000026  001DE9      3B86       0  CODE        2
                text10                         001DE9  00002A  001E13      3BD2       0  CODE        2
                text11                         001E13  00002B  001E3E      3C26       0  CODE        2
                text45                         001E3E  00002E  001E6C      3C7C       0  CODE        2
                text37                         001E6C  000033  001E9F      3CD8       0  CODE        2
                text6                          001E9F  000033  001ED2      3D3E       0  CODE        2
                text35                         001ED2  000043  001F15      3DA4       0  CODE        2
                text12                         001F15  000044  001F59      3E2A       0  CODE        2
                text22                         001F59  000050  001FA9      3EB2       0  CODE        2
                maintext                       001FA9  000057  002000      3F52       0  CODE        2
                stringtext3                    002000  00006E  00206E      4000       0  STRCODE     2
                config                         008007  000004  00800B     1000E       0  CONFIG      2


UNUSED ADDRESS RANGES

        Name                Unused          Largest block    Delta
        BANK10           00520-0056F              50           1
        BANK11           005A0-005EF              50           1
        BANK12           00620-0066F              50           1
        BANK13           006A0-006EF              50           1
        BANK14           00720-0076F              50           1
        BANK15           007A0-007EF              50           1
        BANK16           00820-0086F              50           1
        BANK17           008A0-008EF              50           1
        BANK18           00920-0096F              50           1
        BANK19           009A0-009EF              50           1
        BANK2            00153-0016F              1D           1
        BANK20           00A20-00A6F              50           1
        BANK21           00AA0-00AEF              50           1
        BANK22           00B20-00B6F              50           1
        BANK23           00BA0-00BEF              50           1
        BANK24           00C20-00C6F              50           1
        BANK25           00CA0-00CBF              20           1
        BANK4            00220-0026F              50           1
        BANK5            002A0-002EF              50           1
        BANK6            00320-0036F              50           1
        BANK7            003A0-003EF              50           1
        BANK8            00420-0046F              50           1
        BANK9            004A0-004EF              50           1
        BIGRAM           02000-027EF             7F0           1
        CODE             00004-00006               3           2
                         01800-01C13             414
                         0206E-03FFF             800
        CONST            00004-00006               3           2
                         01800-01C13             100
                         0206E-03FFF             100
        EEDATA           0F000-0F0FF             100           2
        ENTRY            00004-00006               3           2
                         01800-01C13             100
                         0206E-03FFF             100
        IDLOC            08000-08003               4           2
        RAM              00153-0016F              1D           1
                         00220-0026F              50
                         002A0-002EF              50
                         00320-0036F              50
                         003A0-003EF              50
                         00420-0046F              50
                         004A0-004EF              50
                         00520-0056F              50
                         005A0-005EF              50
                         00620-0066F              50
                         006A0-006EF              50
                         00720-0076F              50
                         007A0-007EF              50
                         00820-0086F              50
                         008A0-008EF              50
                         00920-0096F              50
                         009A0-009EF              50
                         00A20-00A6F              50
                         00AA0-00AEF              50
                         00B20-00B6F              50
                         00BA0-00BEF              50
                         00C20-00C6F              50
                         00CA0-00CBF              20
        SFR0             00000-0001F              20           1
        SFR1             00080-0009F              20           1
        SFR10            00500-0051F              20           1
        SFR11            00580-0059F              20           1
        SFR12            00600-0061F              20           1
        SFR13            00680-0069F              20           1
        SFR14            00700-0071F              20           1
        SFR15            00780-0079F              20           1
        SFR16            00800-0081F              20           1
        SFR17            00880-0089F              20           1
        SFR18            00900-0091F              20           1
        SFR19            00980-0099F              20           1
        SFR2             00100-0011F              20           1
        SFR20            00A00-00A1F              20           1
        SFR21            00A80-00A9F              20           1
        SFR22            00B00-00B1F              20           1
        SFR23            00B80-00B9F              20           1
        SFR24            00C00-00C1F              20           1
        SFR25            00C80-00C9F              20           1
        SFR26            00D00-00D6F              70           1
        SFR27            00D80-00DEF              70           1
        SFR28            00E00-00E6F              70           1
        SFR29            00E80-00EEF              70           1
        SFR3             00180-0019F              20           1
        SFR30            00F00-00F6F              70           1
        SFR31            00F80-00FEF              70           1
        SFR4             00200-0021F              20           1
        SFR5             00280-0029F              20           1
        SFR6             00300-0031F              20           1
        SFR7             00380-0039F              20           1
        SFR8             00400-0041F              20           1
        SFR9             00480-0049F              20           1
        STACK            02140-027EF             6B0           1
        STRCODE          00004-00006               3           2
                         01800-01C13             414
                         0206E-03FFF            1F92
        STRING           00004-00006               3           2
                         01800-01C13             100
                         0206E-03FFF             100

                                  Symbol Table

?_TMP112x_ReadTemp                             cstackBANK0  0003A
?__Umul8_16                                    cstackCOMMON 00070
?___awdiv                                      cstackCOMMON 00070
?___awmod                                      cstackCOMMON 00070
?___fladd                                      cstackCOMMON 00070
?___fldiv                                      cstackCOMMON 00070
?___flmul                                      cstackBANK0  00020
?___flneg                                      cstackCOMMON 00070
?___flsub                                      cstackBANK0  0003A
?___fltol                                      cstackCOMMON 00070
?___fpclassifyf                                cstackCOMMON 00070
?___wmul                                       cstackCOMMON 00070
?___xxtofl                                     cstackCOMMON 00070
?_atoi                                         cstackCOMMON 00076
?_efgtoa                                       cstackBANK0  0004A
?_floorf                                       cstackBANK0  0002D
?_isdigit                                      cstackCOMMON 00070
?_isspace                                      cstackCOMMON 00070
?_isupper                                      cstackCOMMON 00070
?_pad                                          cstackBANK0  00027
?_printf                                       cstackBANK1  000DC
?_strlen                                       cstackCOMMON 00070
?_strncmp                                      cstackCOMMON 00070
?_tolower                                      cstackCOMMON 00076
?_vfpfcnvrt                                    cstackBANK0  00053
?_vfprintf                                     cstackBANK0  0006A
EUSART_SetErrorHandler@interruptHandler        cstackCOMMON 00070
EUSART_SetFramingErrorHandler@interruptHandler cstackCOMMON 00070
EUSART_SetOverrunErrorHandler@interruptHandler cstackCOMMON 00070
EUSART_Write@txData                            cstackCOMMON 00070
I2C_ReadByte@acknowledge                       cstackCOMMON 00072
I2C_ReadByte@buffer_I2C                        cstackCOMMON 00073
I2C_WriteByte@data_out                         cstackCOMMON 00072
TMP112x_ReadTemp@_temp_hi                      cstackBANK0  00043
TMP112x_ReadTemp@_temp_lo                      cstackBANK0  00044
TMP112x_ReadTemp@digitalTemp                   cstackBANK0  00045
_ANSELA                                        (abs)        0018C
_ANSELC                                        (abs)        0018E
_BAUD1CON                                      (abs)        0019F
_EUSART_DefaultErrorHandler                    (abs)        00000
_EUSART_DefaultFramingErrorHandler             (abs)        00000
_EUSART_DefaultOverrunErrorHandler             (abs)        00000
_EUSART_ErrorHandler                           nvBANK2      0014D
_EUSART_FramingErrorHandler                    nvBANK2      00151
_EUSART_Initialize                             text47       01D38
_EUSART_OverrunErrorHandler                    nvBANK2      0014F
_EUSART_Read                                   (abs)        00000
_EUSART_SetErrorHandler                        text50       01C14
_EUSART_SetFramingErrorHandler                 text49       01C1A
_EUSART_SetOverrunErrorHandler                 text48       01C20
_EUSART_Write                                  text14       01C40
_EUSART_is_rx_ready                            (abs)        00000
_EUSART_is_tx_done                             (abs)        00000
_EUSART_is_tx_ready                            (abs)        00000
_I2C_Idle                                      text40       01C8C
_I2C_ReadByte                                  text35       01ED2
_I2C_RepeatedStart                             text34       01C63
_I2C_Start                                     text39       01C4B
_I2C_Stop                                      text38       01C57
_I2C_WriteByte                                 text37       01E6C
_INLVLA                                        (abs)        0038C
_INLVLC                                        (abs)        0038E
_LATA                                          (abs)        0010C
_LATC                                          (abs)        0010E
_ODCONA                                        (abs)        0028C
_ODCONC                                        (abs)        0028E
_OSCCON1                                       (abs)        00919
_OSCCON3                                       (abs)        0091B
_OSCEN                                         (abs)        0091D
_OSCFRQ                                        (abs)        0091F
_OSCILLATOR_Initialize                         text46       01C2E
_OSCTUNE                                       (abs)        0091E
_PIE1bits                                      (abs)        00091
_PIN_MANAGER_Initialize                        text45       01E3E
_PIR1bits                                      (abs)        00011
_PMD0                                          (abs)        00911
_PMD1                                          (abs)        00912
_PMD2                                          (abs)        00913
_PMD3                                          (abs)        00914
_PMD4                                          (abs)        00915
_PMD5                                          (abs)        00916
_PMD_Initialize                                text44       01C26
_RA4PPS                                        (abs)        00E94
_RA5PPS                                        (abs)        00E95
_RC1REG                                        (abs)        00199
_RC1STA                                        (abs)        0019D
_RC1STAbits                                    (abs)        0019D
_RC5PPS                                        (abs)        00EA5
_RXPPS                                         (abs)        00E24
_SLRCONA                                       (abs)        0030C
_SLRCONC                                       (abs)        0030E
_SP1BRGH                                       (abs)        0019C
_SP1BRGL                                       (abs)        0019B
_SSP1ADD                                       (abs)        00212
_SSP1BUF                                       (abs)        00211
_SSP1CLKPPS                                    (abs)        00E20
_SSP1CON1                                      (abs)        00215
_SSP1CON1bits                                  (abs)        00215
_SSP1CON2                                      (abs)        00216
_SSP1CON2bits                                  (abs)        00216
_SSP1DATPPS                                    (abs)        00E21
_SSP1MSK                                       (abs)        00213
_SSP1STAT                                      (abs)        00214
_SSP1STATbits                                  (abs)        00214
_SSPADD                                        (abs)        00212
_SSPBUF                                        (abs)        00211
_SSPCON1                                       (abs)        00215
_SSPCON1bits                                   (abs)        00215
_SSPCON2                                       (abs)        00216
_SSPCON2bits                                   (abs)        00216
_SSPSTAT                                       (abs)        00214
_SSPSTATbits                                   (abs)        00214
_SYSTEM_Initialize                             text41       01C9C
_TMP112x_Init                                  text36       01CAF
_TMP112x_ReadTemp                              text30       01392
_TRISA                                         (abs)        0008C
_TRISC                                         (abs)        0008E
_TRISCbits                                     (abs)        0008E
_TX1REG                                        (abs)        0019A
_TX1STA                                        (abs)        0019E
_TX1STAbits                                    (abs)        0019E
_WDTCON                                        (abs)        00097
_WDT_Initialize                                text43       01000
_WPUA                                          (abs)        0020C
_WPUC                                          (abs)        0020E
__CFG_BOREN$ON                                 (abs)        00000
__CFG_BORV$LOW                                 (abs)        00000
__CFG_CLKOUTEN$OFF                             (abs)        00000
__CFG_CP$OFF                                   (abs)        00000
__CFG_CPD$OFF                                  (abs)        00000
__CFG_CSWEN$ON                                 (abs)        00000
__CFG_DEBUG$OFF                                (abs)        00000
__CFG_FCMEN$ON                                 (abs)        00000
__CFG_FEXTOSC$OFF                              (abs)        00000
__CFG_LPBOREN$OFF                              (abs)        00000
__CFG_LVP$OFF                                  (abs)        00000
__CFG_MCLRE$ON                                 (abs)        00000
__CFG_PPS1WAY$ON                               (abs)        00000
__CFG_PWRTE$OFF                                (abs)        00000
__CFG_RSTOSC$HFINT1                            (abs)        00000
__CFG_STVREN$ON                                (abs)        00000
__CFG_WDTE$OFF                                 (abs)        00000
__CFG_WRT$OFF                                  (abs)        00000
__Habs1                                        abs1         00000
__Hbank0                                       bank0        00000
__Hbank1                                       bank1        00000
__Hbank10                                      bank10       00000
__Hbank11                                      bank11       00000
__Hbank12                                      bank12       00000
__Hbank13                                      bank13       00000
__Hbank14                                      bank14       00000
__Hbank15                                      bank15       00000
__Hbank16                                      bank16       00000
__Hbank17                                      bank17       00000
__Hbank18                                      bank18       00000
__Hbank19                                      bank19       00000
__Hbank2                                       bank2        00000
__Hbank20                                      bank20       00000
__Hbank21                                      bank21       00000
__Hbank22                                      bank22       00000
__Hbank23                                      bank23       00000
__Hbank24                                      bank24       00000
__Hbank25                                      bank25       00000
__Hbank26                                      bank26       00000
__Hbank27                                      bank27       00000
__Hbank28                                      bank28       00000
__Hbank29                                      bank29       00000
__Hbank3                                       bank3        00000
__Hbank30                                      bank30       00000
__Hbank31                                      bank31       00000
__Hbank4                                       bank4        00000
__Hbank5                                       bank5        00000
__Hbank6                                       bank6        00000
__Hbank7                                       bank7        00000
__Hbank8                                       bank8        00000
__Hbank9                                       bank9        00000
__Hbigram                                      bigram       00000
__HbssBANK1                                    bssBANK1     00000
__HbssBANK2                                    bssBANK2     00000
__HbssBANK3                                    bssBANK3     00000
__Hcinit                                       cinit        00800
__Hclrtext                                     clrtext      00000
__Hcode                                        code         00000
__Hcommon                                      common       00000
__Hconfig                                      config       0800B
__HcstackBANK0                                 cstackBANK0  00000
__HcstackBANK1                                 cstackBANK1  00000
__HcstackCOMMON                                cstackCOMMON 00000
__Heeprom_data                                 eeprom_data  00000
__Hend_init                                    end_init     00004
__Hfunctab                                     functab      00000
__Hidloc                                       idloc        00000
__Hinit                                        init         00002
__Hintentry                                    intentry     00002
__Hmaintext                                    maintext     00000
__HnvBANK2                                     nvBANK2      00000
__Hpowerup                                     powerup      00000
__Hram                                         ram          00000
__Hreset_vec                                   reset_vec    00002
__Hsfr0                                        sfr0         00000
__Hsfr1                                        sfr1         00000
__Hsfr10                                       sfr10        00000
__Hsfr11                                       sfr11        00000
__Hsfr12                                       sfr12        00000
__Hsfr13                                       sfr13        00000
__Hsfr14                                       sfr14        00000
__Hsfr15                                       sfr15        00000
__Hsfr16                                       sfr16        00000
__Hsfr17                                       sfr17        00000
__Hsfr18                                       sfr18        00000
__Hsfr19                                       sfr19        00000
__Hsfr2                                        sfr2         00000
__Hsfr20                                       sfr20        00000
__Hsfr21                                       sfr21        00000
__Hsfr22                                       sfr22        00000
__Hsfr23                                       sfr23        00000
__Hsfr24                                       sfr24        00000
__Hsfr25                                       sfr25        00000
__Hsfr26                                       sfr26        00000
__Hsfr27                                       sfr27        00000
__Hsfr28                                       sfr28        00000
__Hsfr29                                       sfr29        00000
__Hsfr3                                        sfr3         00000
__Hsfr30                                       sfr30        00000
__Hsfr31                                       sfr31        00000
__Hsfr4                                        sfr4         00000
__Hsfr5                                        sfr5         00000
__Hsfr6                                        sfr6         00000
__Hsfr7                                        sfr7         00000
__Hsfr8                                        sfr8         00000
__Hsfr9                                        sfr9         00000
__Hspace_0                                     (abs)        0800B
__Hspace_1                                     (abs)        001F0
__Hspace_2                                     (abs)        00000
__Hspace_3                                     (abs)        00000
__Hstack                                       stack        00000
__Hstrings                                     strings      00000
__Hstringtext1                                 stringtext1  00000
__Hstringtext10                                stringtext10 00000
__Hstringtext2                                 stringtext2  00000
__Hstringtext3                                 stringtext3  00000
__Hstringtext4                                 stringtext4  00000
__Hstringtext5                                 stringtext5  00000
__Hstringtext6                                 stringtext6  00000
__Hstringtext7                                 stringtext7  00000
__Hstringtext8                                 stringtext8  00000
__Hstringtext9                                 stringtext9  00000
__Htext                                        text         00000
__Labs1                                        abs1         00000
__Lbank0                                       bank0        00000
__Lbank1                                       bank1        00000
__Lbank10                                      bank10       00000
__Lbank11                                      bank11       00000
__Lbank12                                      bank12       00000
__Lbank13                                      bank13       00000
__Lbank14                                      bank14       00000
__Lbank15                                      bank15       00000
__Lbank16                                      bank16       00000
__Lbank17                                      bank17       00000
__Lbank18                                      bank18       00000
__Lbank19                                      bank19       00000
__Lbank2                                       bank2        00000
__Lbank20                                      bank20       00000
__Lbank21                                      bank21       00000
__Lbank22                                      bank22       00000
__Lbank23                                      bank23       00000
__Lbank24                                      bank24       00000
__Lbank25                                      bank25       00000
__Lbank26                                      bank26       00000
__Lbank27                                      bank27       00000
__Lbank28                                      bank28       00000
__Lbank29                                      bank29       00000
__Lbank3                                       bank3        00000
__Lbank30                                      bank30       00000
__Lbank31                                      bank31       00000
__Lbank4                                       bank4        00000
__Lbank5                                       bank5        00000
__Lbank6                                       bank6        00000
__Lbank7                                       bank7        00000
__Lbank8                                       bank8        00000
__Lbank9                                       bank9        00000
__Lbigram                                      bigram       00000
__LbssBANK1                                    bssBANK1     00000
__LbssBANK2                                    bssBANK2     00000
__LbssBANK3                                    bssBANK3     00000
__Lcinit                                       cinit        007E7
__Lclrtext                                     clrtext      00000
__Lcode                                        code         00000
__Lcommon                                      common       00000
__Lconfig                                      config       08007
__LcstackBANK0                                 cstackBANK0  00000
__LcstackBANK1                                 cstackBANK1  00000
__LcstackCOMMON                                cstackCOMMON 00000
__Leeprom_data                                 eeprom_data  00000
__Lend_init                                    end_init     00002
__Lfunctab                                     functab      00000
__Lidloc                                       idloc        00000
__Linit                                        init         00002
__Lintentry                                    intentry     00002
__Lmaintext                                    maintext     00000
__LnvBANK2                                     nvBANK2      00000
__Lpowerup                                     powerup      00000
__Lram                                         ram          00000
__Lreset_vec                                   reset_vec    00000
__Lsfr0                                        sfr0         00000
__Lsfr1                                        sfr1         00000
__Lsfr10                                       sfr10        00000
__Lsfr11                                       sfr11        00000
__Lsfr12                                       sfr12        00000
__Lsfr13                                       sfr13        00000
__Lsfr14                                       sfr14        00000
__Lsfr15                                       sfr15        00000
__Lsfr16                                       sfr16        00000
__Lsfr17                                       sfr17        00000
__Lsfr18                                       sfr18        00000
__Lsfr19                                       sfr19        00000
__Lsfr2                                        sfr2         00000
__Lsfr20                                       sfr20        00000
__Lsfr21                                       sfr21        00000
__Lsfr22                                       sfr22        00000
__Lsfr23                                       sfr23        00000
__Lsfr24                                       sfr24        00000
__Lsfr25                                       sfr25        00000
__Lsfr26                                       sfr26        00000
__Lsfr27                                       sfr27        00000
__Lsfr28                                       sfr28        00000
__Lsfr29                                       sfr29        00000
__Lsfr3                                        sfr3         00000
__Lsfr30                                       sfr30        00000
__Lsfr31                                       sfr31        00000
__Lsfr4                                        sfr4         00000
__Lsfr5                                        sfr5         00000
__Lsfr6                                        sfr6         00000
__Lsfr7                                        sfr7         00000
__Lsfr8                                        sfr8         00000
__Lsfr9                                        sfr9         00000
__Lspace_0                                     (abs)        00000
__Lspace_1                                     (abs)        00000
__Lspace_2                                     (abs)        00000
__Lspace_3                                     (abs)        00000
__Lstack                                       stack        00000
__Lstrings                                     strings      00000
__Lstringtext1                                 stringtext1  00000
__Lstringtext10                                stringtext10 00000
__Lstringtext2                                 stringtext2  00000
__Lstringtext3                                 stringtext3  00000
__Lstringtext4                                 stringtext4  00000
__Lstringtext5                                 stringtext5  00000
__Lstringtext6                                 stringtext6  00000
__Lstringtext7                                 stringtext7  00000
__Lstringtext8                                 stringtext8  00000
__Lstringtext9                                 stringtext9  00000
__Ltext                                        text         00000
__S0                                           (abs)        0800B
__S1                                           (abs)        001F0
__S2                                           (abs)        00000
__S3                                           (abs)        00000
__Umul8_16                                     text33       01DC3
__Umul8_16@multiplicand                        cstackCOMMON 00070
__Umul8_16@multiplier                          cstackCOMMON 00078
__Umul8_16@product                             cstackCOMMON 00074
__Umul8_16@word_mpld                           cstackCOMMON 00076
___awdiv                                       text25       0115E
___awdiv@counter                               cstackCOMMON 00075
___awdiv@dividend                              cstackCOMMON 00072
___awdiv@divisor                               cstackCOMMON 00070
___awdiv@quotient                              cstackCOMMON 00077
___awdiv@sign                                  cstackCOMMON 00076
___awmod                                       text24       0109A
___awmod@counter                               cstackCOMMON 00075
___awmod@dividend                              cstackCOMMON 00072
___awmod@divisor                               cstackCOMMON 00070
___awmod@sign                                  cstackCOMMON 00076
___fladd                                       text19       00A71
___fladd@a                                     cstackCOMMON 00074
___fladd@aexp                                  cstackCOMMON 00079
___fladd@b                                     cstackCOMMON 00070
___fladd@bexp                                  cstackCOMMON 0007A
___fladd@grs                                   cstackCOMMON 0007B
___fladd@signs                                 cstackCOMMON 00078
___fldiv                                       text23       01621
___fldiv@a                                     cstackCOMMON 00070
___fldiv@aexp                                  cstackBANK0  0002C
___fldiv@b                                     cstackCOMMON 00074
___fldiv@bexp                                  cstackBANK0  0002B
___fldiv@grs                                   cstackBANK0  00027
___fldiv@new_exp                               cstackBANK0  00025
___fldiv@rem                                   cstackBANK0  00020
___fldiv@sign                                  cstackBANK0  00024
___fleq                                        text22       01F59
___fleq@ff1                                    cstackCOMMON 00070
___fleq@ff2                                    cstackCOMMON 00074
___flge                                        text21       00007
___flge@ff1                                    cstackBANK0  0003A
___flge@ff2                                    cstackBANK0  0003E
___flmul                                       text32       00806
___flmul@a                                     cstackBANK0  00024
___flmul@aexp                                  cstackBANK0  00032
___flmul@b                                     cstackBANK0  00020
___flmul@bexp                                  cstackBANK0  00033
___flmul@grs                                   cstackBANK0  0002E
___flmul@prod                                  cstackBANK0  00034
___flmul@sign                                  cstackBANK0  0002D
___flmul@temp                                  cstackBANK0  00038
___flneg                                       text20       01C6F
___flneg@f1                                    cstackCOMMON 00070
___flsub                                       text18       01D17
___flsub@a                                     cstackBANK0  0003A
___flsub@b                                     cstackBANK0  0003E
___fltol                                       text17       0124A
___fltol@exp1                                  cstackCOMMON 0007A
___fltol@f1                                    cstackCOMMON 00070
___fltol@sign1                                 cstackCOMMON 00079
___fpclassifyf                                 text16       011C7
___fpclassifyf@F453                            bssBANK2     00141
___fpclassifyf@e                               cstackBANK0  00020
___fpclassifyf@u                               cstackBANK0  00022
___fpclassifyf@x                               cstackCOMMON 00070
___int_sp                                      stack        00000
___latbits                                     (abs)        00003
___sp                                          stack        00000
___wmul                                        text29       01D5A
___wmul@multiplicand                           cstackCOMMON 00072
___wmul@multiplier                             cstackCOMMON 00070
___wmul@product                                cstackCOMMON 00074
___xxtofl                                      text31       012DE
___xxtofl@arg                                  cstackCOMMON 0007A
___xxtofl@exp                                  cstackCOMMON 00079
___xxtofl@sign                                 cstackCOMMON 00078
___xxtofl@val                                  cstackCOMMON 00070
__end_of_EUSART_Initialize                     text47       01D5A
__end_of_EUSART_SetErrorHandler                text50       01C1A
__end_of_EUSART_SetFramingErrorHandler         text49       01C20
__end_of_EUSART_SetOverrunErrorHandler         text48       01C26
__end_of_EUSART_Write                          text14       01C4B
__end_of_I2C_Idle                              text40       01C9C
__end_of_I2C_ReadByte                          text35       01F15
__end_of_I2C_RepeatedStart                     text34       01C6F
__end_of_I2C_Start                             text39       01C57
__end_of_I2C_Stop                              text38       01C63
__end_of_I2C_WriteByte                         text37       01E9F
__end_of_OSCILLATOR_Initialize                 text46       01C37
__end_of_PIN_MANAGER_Initialize                text45       01E6C
__end_of_PMD_Initialize                        text44       01C2E
__end_of_SYSTEM_Initialize                     text41       01CAF
__end_of_TMP112x_Init                          text36       01CC6
__end_of_TMP112x_ReadTemp                      text30       01448
__end_of_WDT_Initialize                        text43       01004
__end_of__Umul8_16                             text33       01DE9
__end_of___awdiv                               text25       011C7
__end_of___awmod                               text24       010F7
__end_of___fladd                               text19       00CEA
__end_of___fldiv                               text23       01800
__end_of___fleq                                text22       01FA9
__end_of___flge                                text21       000B5
__end_of___flmul                               text32       00A71
__end_of___flneg                               text20       01C7C
__end_of___flsub                               text18       01D38
__end_of___fltol                               text17       012DE
__end_of___fpclassifyf                         text16       0124A
__end_of___wmul                                text29       01D7C
__end_of___xxtofl                              text31       01392
__end_of__initialization                       cinit        007FD
__end_of_atoi                                  text26       01532
__end_of_efgtoa                                text5        007E7
__end_of_floorf                                text15       01621
__end_of_fputc                                 text12       01F59
__end_of_fputs                                 text11       01E3E
__end_of_fsmStateTable                         stringtext1  02045
__end_of_i2c1_driver_open                      text42       01C8C
__end_of_isdigit                               text28       01CDF
__end_of_isspace                               text27       01D9F
__end_of_isupper                               text7        01CF8
__end_of_main                                  maintext     02000
__end_of_pad                                   text9        0109A
__end_of_printf                                text1        01D17
__end_of_putch                                 text13       01C40
__end_of_strcpy                                text8        01DC3
__end_of_strlen                                text10       01E13
__end_of_strncmp                               text4        0115E
__end_of_tolower                               text6        01ED2
__end_of_uart                                  stringtext2  02051
__end_of_vfpfcnvrt                             text3        01000
__end_of_vfprintf                              text2        0103E
__initialization                               cinit        007E7
__pbssBANK1                                    bssBANK1     000EB
__pbssBANK2                                    bssBANK2     00120
__pbssBANK3                                    bssBANK3     001A0
__pcstackBANK0                                 cstackBANK0  00020
__pcstackBANK1                                 cstackBANK1  000A0
__pcstackCOMMON                                cstackCOMMON 00070
__pmaintext                                    maintext     01FA9
__pnvBANK2                                     nvBANK2      0014D
__pstringtext1                                 stringtext1  02025
__pstringtext10                                stringtext10 00000
__pstringtext2                                 stringtext2  02045
__pstringtext3                                 stringtext3  02000
__pstringtext4                                 stringtext4  02051
__pstringtext5                                 stringtext5  0205B
__pstringtext6                                 stringtext6  0205F
__pstringtext7                                 stringtext7  02063
__pstringtext8                                 stringtext8  02067
__pstringtext9                                 stringtext9  0206B
__ptext1                                       text1        01CF8
__ptext10                                      text10       01DE9
__ptext11                                      text11       01E13
__ptext12                                      text12       01F15
__ptext13                                      text13       01C37
__ptext14                                      text14       01C40
__ptext15                                      text15       01532
__ptext16                                      text16       011C7
__ptext17                                      text17       0124A
__ptext18                                      text18       01D17
__ptext19                                      text19       00A71
__ptext2                                       text2        01004
__ptext20                                      text20       01C6F
__ptext21                                      text21       00007
__ptext22                                      text22       01F59
__ptext23                                      text23       01621
__ptext24                                      text24       0109A
__ptext25                                      text25       0115E
__ptext26                                      text26       01448
__ptext27                                      text27       01D7C
__ptext28                                      text28       01CC6
__ptext29                                      text29       01D5A
__ptext3                                       text3        00CEA
__ptext30                                      text30       01392
__ptext31                                      text31       012DE
__ptext32                                      text32       00806
__ptext33                                      text33       01DC3
__ptext34                                      text34       01C63
__ptext35                                      text35       01ED2
__ptext36                                      text36       01CAF
__ptext37                                      text37       01E6C
__ptext38                                      text38       01C57
__ptext39                                      text39       01C4B
__ptext4                                       text4        010F7
__ptext40                                      text40       01C8C
__ptext41                                      text41       01C9C
__ptext42                                      text42       01C7C
__ptext43                                      text43       01000
__ptext44                                      text44       01C26
__ptext45                                      text45       01E3E
__ptext46                                      text46       01C2E
__ptext47                                      text47       01D38
__ptext48                                      text48       01C20
__ptext49                                      text49       01C1A
__ptext5                                       text5        000B5
__ptext50                                      text50       01C14
__ptext6                                       text6        01E9F
__ptext7                                       text7        01CDF
__ptext8                                       text8        01D9F
__ptext9                                       text9        0103E
__size_of_EUSART_Initialize                    (abs)        00000
__size_of_EUSART_SetErrorHandler               (abs)        00000
__size_of_EUSART_SetFramingErrorHandler        (abs)        00000
__size_of_EUSART_SetOverrunErrorHandler        (abs)        00000
__size_of_EUSART_Write                         (abs)        00000
__size_of_I2C_Idle                             (abs)        00000
__size_of_I2C_ReadByte                         (abs)        00000
__size_of_I2C_RepeatedStart                    (abs)        00000
__size_of_I2C_Start                            (abs)        00000
__size_of_I2C_Stop                             (abs)        00000
__size_of_I2C_WriteByte                        (abs)        00000
__size_of_OSCILLATOR_Initialize                (abs)        00000
__size_of_PIN_MANAGER_Initialize               (abs)        00000
__size_of_PMD_Initialize                       (abs)        00000
__size_of_SYSTEM_Initialize                    (abs)        00000
__size_of_TMP112x_Init                         (abs)        00000
__size_of_TMP112x_ReadTemp                     (abs)        00000
__size_of_WDT_Initialize                       (abs)        00000
__size_of__Umul8_16                            (abs)        00000
__size_of___awdiv                              (abs)        00000
__size_of___awmod                              (abs)        00000
__size_of___fladd                              (abs)        00000
__size_of___fldiv                              (abs)        00000
__size_of___fleq                               (abs)        00000
__size_of___flge                               (abs)        00000
__size_of___flmul                              (abs)        00000
__size_of___flneg                              (abs)        00000
__size_of___flsub                              (abs)        00000
__size_of___fltol                              (abs)        00000
__size_of___fpclassifyf                        (abs)        00000
__size_of___wmul                               (abs)        00000
__size_of___xxtofl                             (abs)        00000
__size_of_atoi                                 (abs)        00000
__size_of_efgtoa                               (abs)        00000
__size_of_floorf                               (abs)        00000
__size_of_fputc                                (abs)        00000
__size_of_fputs                                (abs)        00000
__size_of_i2c1_driver_open                     (abs)        00000
__size_of_isdigit                              (abs)        00000
__size_of_isspace                              (abs)        00000
__size_of_isupper                              (abs)        00000
__size_of_main                                 (abs)        00000
__size_of_pad                                  (abs)        00000
__size_of_printf                               (abs)        00000
__size_of_putch                                (abs)        00000
__size_of_strcpy                               (abs)        00000
__size_of_strlen                               (abs)        00000
__size_of_strncmp                              (abs)        00000
__size_of_tolower                              (abs)        00000
__size_of_vfpfcnvrt                            (abs)        00000
__size_of_vfprintf                             (abs)        00000
_atoi                                          text26       01448
_atoi$1677                                     cstackBANK0  00022
_atoi$1678                                     cstackBANK0  00026
_atoi$1679                                     cstackBANK0  00024
_dbuf                                          bssBANK3     001A0
_do_I2C_DO_ACK                                 (abs)        00000
_do_I2C_DO_ADDRESS_NACK                        (abs)        00000
_do_I2C_DO_NACK_RESTART                        (abs)        00000
_do_I2C_DO_NACK_STOP                           (abs)        00000
_do_I2C_IDLE                                   (abs)        00000
_do_I2C_RCEN                                   (abs)        00000
_do_I2C_RESET                                  (abs)        00000
_do_I2C_RX                                     (abs)        00000
_do_I2C_SEND_ADR_READ                          (abs)        00000
_do_I2C_SEND_ADR_WRITE                         (abs)        00000
_do_I2C_SEND_RESTART                           (abs)        00000
_do_I2C_SEND_RESTART_READ                      (abs)        00000
_do_I2C_SEND_RESTART_WRITE                     (abs)        00000
_do_I2C_SEND_STOP                              (abs)        00000
_do_I2C_TX                                     (abs)        00000
_do_I2C_TX_EMPTY                               (abs)        00000
_efgtoa                                        text5        000B5
_efgtoa$1342                                   cstackBANK1  000A4
_efgtoa$1343                                   cstackBANK1  000A6
_efgtoa$1348                                   cstackBANK1  000A8
_efgtoa$1352                                   cstackBANK1  000AA
_efgtoa$1353                                   cstackBANK1  000AC
_efgtoa$1354                                   cstackBANK1  000AE
_eusartRxLastError                             bssBANK1     000EF
_flags                                         bssBANK1     000ED
_floorf                                        text15       01532
_fputc                                         text12       01F15
_fputs                                         text11       01E13
_fsmStateTable                                 stringtext1  02025
_i2c1_driver_busCollisionISR                   bssBANK2     0014B
_i2c1_driver_i2cISR                            bssBANK2     00149
_i2c1_driver_open                              text42       01C7C
_i2c_ISR                                       (abs)        00000
_i2c_busCollisionISR                           (abs)        00000
_i2c_status                                    bssBANK2     00120
_isdigit                                       text28       01CC6
_isspace                                       text27       01D7C
_isspace$1708                                  cstackCOMMON 00074
_isupper                                       text7        01CDF
_main                                          maintext     01FA9
_nout                                          bssBANK2     00145
_pad                                           text9        0103E
_prec                                          bssBANK1     000EB
_printf                                        text1        01CF8
_putch                                         text13       01C37
_returnReset                                   (abs)        00000
_returnStop                                    (abs)        00000
_strcpy                                        text8        01D9F
_strlen                                        text10       01DE9
_strncmp                                       text4        010F7
_tolower                                       text6        01E9F
_tolower$1781                                  cstackCOMMON 0007C
_vfpfcnvrt                                     text3        00CEA
_vfpfcnvrt$1368                                cstackBANK0  0005B
_vfpfcnvrt$1369                                cstackBANK0  0005D
_vfpfcnvrt$1373                                cstackBANK0  0005F
_vfprintf                                      text2        01004
_width                                         bssBANK2     00147
atoi@n                                         cstackBANK0  00027
atoi@neg                                       cstackBANK0  00020
atoi@s                                         cstackCOMMON 00076
btemp                                          (abs)        0007E
clear_ram0                                     clrtext      00800
efgtoa@c                                       cstackBANK0  0004E
efgtoa@d                                       cstackBANK1  000B8
efgtoa@e                                       cstackBANK1  000D1
efgtoa@f                                       cstackBANK0  0004A
efgtoa@fp                                      cstackBANK1  000BE
efgtoa@g                                       cstackBANK1  000CD
efgtoa@h                                       cstackBANK1  000C3
efgtoa@i                                       cstackBANK1  000CB
efgtoa@l                                       cstackBANK1  000C7
efgtoa@m                                       cstackBANK1  000B4
efgtoa@mode                                    cstackBANK1  000C2
efgtoa@n                                       cstackBANK1  000D3
efgtoa@ne                                      cstackBANK1  000B6
efgtoa@nmode                                   cstackBANK1  000BF
efgtoa@ou                                      cstackBANK1  000A0
efgtoa@p                                       cstackBANK1  000BC
efgtoa@pp                                      cstackBANK1  000B2
efgtoa@sign                                    cstackBANK1  000BA
efgtoa@t                                       cstackBANK1  000B0
efgtoa@u                                       cstackBANK1  000D5
efgtoa@w                                       cstackBANK1  000C0
end_of_initialization                          cinit        007FD
floorf@F514                                    bssBANK2     0013D
floorf@e                                       cstackBANK0  0003B
floorf@m                                       cstackBANK0  00037
floorf@u                                       cstackBANK0  0003D
floorf@x                                       cstackBANK0  0002D
fputc@c                                        cstackCOMMON 00073
fputc@fp                                       cstackCOMMON 00075
fputs@c                                        cstackBANK0  00023
fputs@fp                                       cstackCOMMON 0007B
fputs@i                                        cstackBANK0  00024
fputs@s                                        cstackBANK0  00026
intlevel0                                      functab      00000
intlevel1                                      functab      00000
intlevel2                                      functab      00000
intlevel3                                      functab      00000
intlevel4                                      functab      00000
intlevel5                                      functab      00000
isdigit@c                                      cstackCOMMON 00070
isspace@c                                      cstackCOMMON 00070
isupper@c                                      cstackCOMMON 00070
main@temperature                               cstackBANK1  000E7
pad@buf                                        cstackBANK0  00027
pad@fp                                         cstackBANK0  0002E
pad@i                                          cstackBANK0  0002A
pad@p                                          cstackBANK0  00028
pad@w                                          cstackBANK0  0002C
printf@ap                                      cstackBANK1  000E4
printf@fmt                                     cstackBANK1  000DC
printf@ret                                     cstackBANK1  000E2
putch@txData                                   cstackCOMMON 00072
reset_vec                                      reset_vec    00000
stackhi                                        (abs)        027EF
stacklo                                        (abs)        02140
[...]
      Locals:         0       0       0       0       0       0       0       0       0       0       0       0       0       0       0       0       0       0       0       0       0       0       0       0       0       0       0
      Temps:          0       0       0       0       0       0       0       0       0       0       0       0       0       0       0       0       0       0       0       0       0       0       0       0       0       0       0
      Totals:         0       0       0       0       0       0       0       0       0       0       0       0       0       0       0       0       0       0       0       0       0       0       0       0       0       0       0
Total ram usage:        0 bytes
 Hardware stack levels used:    1
 This function calls:
		Nothing
 This function is called by:
		_SYSTEM_Initialize
 This function uses a non-reentrant model


 *************** function _PIN_MANAGER_Initialize *****************
 Defined at:
		line 55 in file "mcc_generated_files/pin_manager.c"
 Parameters:    Size  Location     Type
		None
 Auto vars:     Size  Location     Type
		None
 Return value:  Size  Location     Type
                  1    wreg      void 
 Registers used:
		wreg, status,2
 Tracked objects:
		On entry : 
		On exit  : 
		Unchanged: 
 Data sizes:     COMMON   BANK0   BANK1   BANK2   BANK3   BANK4   BANK5   BANK6   BANK7   BANK8   BANK9  BANK10  BANK11  BANK12  BANK13  BANK14  BANK15  BANK16  BANK17  BANK18  BANK19  BANK20  BANK21  BANK22  BANK23  BANK24  BANK25
      Params:         0       0       0       0       0       0       0       0       0       0       0       0       0       0       0       0       0       0       0       0       0       0       0       0       0       0       0
      Locals:         0       0       0       0       0       0       0       0       0       0       0       0       0       0       0       0       0       0       0       0       0       0       0       0       0       0       0
      Temps:          0       0       0       0       0       0       0       0       0       0       0       0       0       0       0       0       0       0       0       0       0       0       0       0       0       0       0
      Totals:         0       0       0       0       0       0       0       0       0       0       0       0       0       0       0       0       0       0       0       0       0       0       0       0       0       0       0
Total ram usage:        0 bytes
 Hardware stack levels used:    1
 This function calls:
		Nothing
 This function is called by:
		_SYSTEM_Initialize
 This function uses a non-reentrant model


 *************** function _OSCILLATOR_Initialize *****************
 Defined at:
		line 61 in file "mcc_generated_files/mcc.c"
 Parameters:    Size  Location     Type
		None
 Auto vars:     Size  Location     Type
		None
 Return value:  Size  Location     Type
                  1    wreg      void 
 Registers used:
		wreg, status,2
 Tracked objects:
		On entry : 
		On exit  : 
		Unchanged: 
 Data sizes:     COMMON   BANK0   BANK1   BANK2   BANK3   BANK4   BANK5   BANK6   BANK7   BANK8   BANK9  BANK10  BANK11  BANK12  BANK13  BANK14  BANK15  BANK16  BANK17  BANK18  BANK19  BANK20  BANK21  BANK22  BANK23  BANK24  BANK25
      Params:         0       0       0       0       0       0       0       0       0       0       0       0       0       0       0       0       0       0       0       0       0       0       0       0       0       0       0
      Locals:         0       0       0       0       0       0       0       0       0       0       0       0       0       0       0       0       0       0       0       0       0       0       0       0       0       0       0
      Temps:          0       0       0       0       0       0       0       0       0       0       0       0       0       0       0       0       0       0       0       0       0       0       0       0       0       0       0
      Totals:         0       0       0       0       0       0       0       0       0       0       0       0       0       0       0       0       0       0       0       0       0       0       0       0       0       0       0
Total ram usage:        0 bytes
 Hardware stack levels used:    1
 This function calls:
		Nothing
 This function is called by:
		_SYSTEM_Initialize
 This function uses a non-reentrant model


 *************** function _EUSART_Initialize *****************
 Defined at:
		line 66 in file "mcc_generated_files/eusart.c"
 Parameters:    Size  Location     Type
		None
 Auto vars:     Size  Location     Type
		None
 Return value:  Size  Location     Type
                  1    wreg      void 
 Registers used:
		wreg, status,2, status,0, pclath, cstack
 Tracked objects:
		On entry : 
		On exit  : 
		Unchanged: 
 Data sizes:     COMMON   BANK0   BANK1   BANK2   BANK3   BANK4   BANK5   BANK6   BANK7   BANK8   BANK9  BANK10  BANK11  BANK12  BANK13  BANK14  BANK15  BANK16  BANK17  BANK18  BANK19  BANK20  BANK21  BANK22  BANK23  BANK24  BANK25
      Params:         0       0       0       0       0       0       0       0       0       0       0       0       0       0       0       0       0       0       0       0       0       0       0       0       0       0       0
      Locals:         0       0       0       0       0       0       0       0       0       0       0       0       0       0       0       0       0       0       0       0       0       0       0       0       0       0       0
      Temps:          0       0       0       0       0       0       0       0       0       0       0       0       0       0       0       0       0       0       0       0       0       0       0       0       0       0       0
      Totals:         0       0       0       0       0       0       0       0       0       0       0       0       0       0       0       0       0       0       0       0       0       0       0       0       0       0       0
Total ram usage:        0 bytes
 Hardware stack levels used:    1
 Hardware stack levels required when called:    1
 This function calls:
		_EUSART_SetErrorHandler
		_EUSART_SetFramingErrorHandler
		_EUSART_SetOverrunErrorHandler
 This function is called by:
		_SYSTEM_Initialize
 This function uses a non-reentrant model


 *************** function _EUSART_SetOverrunErrorHandler *****************
 Defined at:
		line 170 in file "mcc_generated_files/eusart.c"
 Parameters:    Size  Location     Type
  interruptHan    2    0[COMMON] PTR FTN()void 
		 -> EUSART_DefaultOverrunErrorHandler(1), 
 Auto vars:     Size  Location     Type
		None
 Return value:  Size  Location     Type
                  1    wreg      void 
 Registers used:
		wreg
 Tracked objects:
		On entry : 
		On exit  : 
		Unchanged: 
 Data sizes:     COMMON   BANK0   BANK1   BANK2   BANK3   BANK4   BANK5   BANK6   BANK7   BANK8   BANK9  BANK10  BANK11  BANK12  BANK13  BANK14  BANK15  BANK16  BANK17  BANK18  BANK19  BANK20  BANK21  BANK22  BANK23  BANK24  BANK25
      Params:         2       0       0       0       0       0       0       0       0       0       0       0       0       0       0       0       0       0       0       0       0       0       0       0       0       0       0
      Locals:         0       0       0       0       0       0       0       0       0       0       0       0       0       0       0       0       0       0       0       0       0       0       0       0       0       0       0
      Temps:          0       0       0       0       0       0       0       0       0       0       0       0       0       0       0       0       0       0       0       0       0       0       0       0       0       0       0
      Totals:         2       0       0       0       0       0       0       0       0       0       0       0       0       0       0       0       0       0       0       0       0       0       0       0       0       0       0
Total ram usage:        2 bytes
 Hardware stack levels used:    1
 This function calls:
		Nothing
 This function is called by:
		_EUSART_Initialize
 This function uses a non-reentrant model


 *************** function _EUSART_SetFramingErrorHandler *****************
 Defined at:
		line 166 in file "mcc_generated_files/eusart.c"
 Parameters:    Size  Location     Type
  interruptHan    2    0[COMMON] PTR FTN()void 
		 -> EUSART_DefaultFramingErrorHandler(1), 
 Auto vars:     Size  Location     Type
		None
 Return value:  Size  Location     Type
                  1    wreg      void 
 Registers used:
		wreg
 Tracked objects:
		On entry : 
		On exit  : 
		Unchanged: 
 Data sizes:     COMMON   BANK0   BANK1   BANK2   BANK3   BANK4   BANK5   BANK6   BANK7   BANK8   BANK9  BANK10  BANK11  BANK12  BANK13  BANK14  BANK15  BANK16  BANK17  BANK18  BANK19  BANK20  BANK21  BANK22  BANK23  BANK24  BANK25
      Params:         2       0       0       0       0       0       0       0       0       0       0       0       0       0       0       0       0       0       0       0       0       0       0       0       0       0       0
      Locals:         0       0       0       0       0       0       0       0       0       0       0       0       0       0       0       0       0       0       0       0       0       0       0       0       0       0       0
      Temps:          0       0       0       0       0       0       0       0       0       0       0       0       0       0       0       0       0       0       0       0       0       0       0       0       0       0       0
      Totals:         2       0       0       0       0       0       0       0       0       0       0       0       0       0       0       0       0       0       0       0       0       0       0       0       0       0       0
Total ram usage:        2 bytes
 Hardware stack levels used:    1
 This function calls:
		Nothing
 This function is called by:
		_EUSART_Initialize
 This function uses a non-reentrant model


 *************** function _EUSART_SetErrorHandler *****************
 Defined at:
		line 174 in file "mcc_generated_files/eusart.c"
 Parameters:    Size  Location     Type
  interruptHan    2    0[COMMON] PTR FTN()void 
		 -> EUSART_DefaultErrorHandler(1), 
 Auto vars:     Size  Location     Type
		None
 Return value:  Size  Location     Type
                  1    wreg      void 
 Registers used:
		wreg
 Tracked objects:
		On entry : 
		On exit  : 
		Unchanged: 
 Data sizes:     COMMON   BANK0   BANK1   BANK2   BANK3   BANK4   BANK5   BANK6   BANK7   BANK8   BANK9  BANK10  BANK11  BANK12  BANK13  BANK14  BANK15  BANK16  BANK17  BANK18  BANK19  BANK20  BANK21  BANK22  BANK23  BANK24  BANK25
      Params:         2       0       0       0       0       0       0       0       0       0       0       0       0       0       0       0       0       0       0       0       0       0       0       0       0       0       0
      Locals:         0       0       0       0       0       0       0       0       0       0       0       0       0       0       0       0       0       0       0       0       0       0       0       0       0       0       0
      Temps:          0       0       0       0       0       0       0       0       0       0       0       0       0       0       0       0       0       0       0       0       0       0       0       0       0       0       0
      Totals:         2       0       0       0       0       0       0       0       0       0       0       0       0       0       0       0       0       0       0       0       0       0       0       0       0       0       0
Total ram usage:        2 bytes
 Hardware stack levels used:    1
 This function calls:
		Nothing
 This function is called by:
		_EUSART_Initialize
 This function uses a non-reentrant model



MODULE INFORMATION

Module		Function		Class		Link	Load	Size
C:\Program Files (x86)\Microchip\xc8\v2.00\pic\sources\c99\common\isspace.c
		_isspace       		CODE           	1D7C	0000	36

C:\Program Files (x86)\Microchip\xc8\v2.00\pic\sources\c99\common\isspace.c estimated size: 36

C:\Program Files (x86)\Microchip\xc8\v2.00\pic\sources\c99\common\printf.c
		_printf        		CODE           	1CF8	0000	32

C:\Program Files (x86)\Microchip\xc8\v2.00\pic\sources\c99\common\printf.c estimated size: 32

C:\Program Files (x86)\Microchip\xc8\v2.00\pic\sources\c99\common\strncmp.c
		_strncmp       		CODE           	10F7	0000	104

C:\Program Files (x86)\Microchip\xc8\v2.00\pic\sources\c99\common\strncmp.c estimated size: 104

C:\Program Files (x86)\Microchip\xc8\v2.00\pic\sources\c99\common\tolower.c
		_tolower       		CODE           	1E9F	0000	52

C:\Program Files (x86)\Microchip\xc8\v2.00\pic\sources\c99\common\tolower.c estimated size: 52

C:\Program Files (x86)\Microchip\xc8\v2.00\pic\sources\c99\common\floorf.c
		_floorf        		CODE           	1532	0000	240

C:\Program Files (x86)\Microchip\xc8\v2.00\pic\sources\c99\common\floorf.c estimated size: 240

C:\Program Files (x86)\Microchip\xc8\v2.00\pic\sources\c99\common\sprcmul.c
		___flmul       		CODE           	0806	0000	620

C:\Program Files (x86)\Microchip\xc8\v2.00\pic\sources\c99\common\sprcmul.c estimated size: 620

my_i2c.c
		_I2C_Idle      		CODE           	1C8C	0000	17
		_I2C_RepeatedStart		CODE           	1C63	0000	13
		_I2C_Stop      		CODE           	1C57	0000	13
		_I2C_WriteByte 		CODE           	1E6C	0000	52
		_I2C_ReadByte  		CODE           	1ED2	0000	68
		_I2C_Start     		CODE           	1C4B	0000	13

my_i2c.c estimated size: 176

C:\Program Files (x86)\Microchip\xc8\v2.00\pic\sources\c99\common\sprcdiv.c
		___fldiv       		CODE           	1621	0000	480

C:\Program Files (x86)\Microchip\xc8\v2.00\pic\sources\c99\common\sprcdiv.c estimated size: 480

C:\Program Files (x86)\Microchip\xc8\v2.00\pic\sources\c99\common\Umul8_16.c
		__Umul8_16     		CODE           	1DC3	0000	39

C:\Program Files (x86)\Microchip\xc8\v2.00\pic\sources\c99\common\Umul8_16.c estimated size: 39

C:\Program Files (x86)\Microchip\xc8\v2.00\pic\sources\c99\common\xxtofl.c
		___xxtofl      		CODE           	12DE	0000	181

C:\Program Files (x86)\Microchip\xc8\v2.00\pic\sources\c99\common\xxtofl.c estimated size: 181

C:\Program Files (x86)\Microchip\xc8\v2.00\pic\sources\c99\common\awmod.c
		___awmod       		CODE           	109A	0000	94

C:\Program Files (x86)\Microchip\xc8\v2.00\pic\sources\c99\common\awmod.c estimated size: 94

C:\Program Files (x86)\Microchip\xc8\v2.00\pic\sources\c99\common\strlen.c
		_strlen        		CODE           	1DE9	0000	43

C:\Program Files (x86)\Microchip\xc8\v2.00\pic\sources\c99\common\strlen.c estimated size: 43

C:\Program Files (x86)\Microchip\xc8\v2.00\pic\sources\c99\common\flge.c
		___flge        		CODE           	0007	0000	175

C:\Program Files (x86)\Microchip\xc8\v2.00\pic\sources\c99\common\flge.c estimated size: 175

mcc_generated_files/pin_manager.c
		_PIN_MANAGER_Initialize		CODE           	1E3E	0000	47

mcc_generated_files/pin_manager.c estimated size: 47

C:\Program Files (x86)\Microchip\xc8\v2.00\pic\sources\c99\common\strcpy.c
		_strcpy        		CODE           	1D9F	0000	37

C:\Program Files (x86)\Microchip\xc8\v2.00\pic\sources\c99\common\strcpy.c estimated size: 37

C:\Program Files (x86)\Microchip\xc8\v2.00\pic\sources\c99\common\nf_fputc.c
		_fputc         		CODE           	1F15	0000	69

C:\Program Files (x86)\Microchip\xc8\v2.00\pic\sources\c99\common\nf_fputc.c estimated size: 69

C:\Program Files (x86)\Microchip\xc8\v2.00\pic\sources\c99\common\isdigit.c
		_isdigit       		CODE           	1CC6	0000	26

C:\Program Files (x86)\Microchip\xc8\v2.00\pic\sources\c99\common\isdigit.c estimated size: 26

C:\Program Files (x86)\Microchip\xc8\v2.00\pic\sources\c99\common\sprcadd.c
		___flsub       		CODE           	1D17	0000	34
		___fladd       		CODE           	0A71	0000	634

C:\Program Files (x86)\Microchip\xc8\v2.00\pic\sources\c99\common\sprcadd.c estimated size: 668

C:\Program Files (x86)\Microchip\xc8\v2.00\pic\sources\c99\common\doprnt.c
		_vfpfcnvrt     		CODE           	0CEA	0000	791
		_efgtoa        		CODE           	00B5	0000	1843
		_pad           		CODE           	103E	0000	93
		_vfprintf      		CODE           	1004	0000	59

C:\Program Files (x86)\Microchip\xc8\v2.00\pic\sources\c99\common\doprnt.c estimated size: 2786

C:\Program Files (x86)\Microchip\xc8\v2.00\pic\sources\c99\common\awdiv.c
		___awdiv       		CODE           	115E	0000	106

C:\Program Files (x86)\Microchip\xc8\v2.00\pic\sources\c99\common\awdiv.c estimated size: 106

shared
		_uart          		STRCODE        	0000	0000	0
		__initialization		CODE           	07E7	0000	23
		_fsmStateTable 		STRCODE        	2025	0000	33

shared estimated size: 56

C:\Program Files (x86)\Microchip\xc8\v2.00\pic\sources\c99\common\fltol.c
		___fltol       		CODE           	124A	0000	149

C:\Program Files (x86)\Microchip\xc8\v2.00\pic\sources\c99\common\fltol.c estimated size: 149

mcc_generated_files/mcc.c
		_WDT_Initialize		CODE           	1000	0000	5
		_PMD_Initialize		CODE           	1C26	0000	9
		_OSCILLATOR_Initialize		CODE           	1C2E	0000	10
		_SYSTEM_Initialize		CODE           	1C9C	0000	20

mcc_generated_files/mcc.c estimated size: 44

C:\Program Files (x86)\Microchip\xc8\v2.00\pic\sources\c99\common\__fpclassifyf.c
		___fpclassifyf 		CODE           	11C7	0000	132

C:\Program Files (x86)\Microchip\xc8\v2.00\pic\sources\c99\common\__fpclassifyf.c estimated size: 132

C:\Program Files (x86)\Microchip\xc8\v2.00\pic\sources\c99\common\atoi.c
		_atoi          		CODE           	1448	0000	235

C:\Program Files (x86)\Microchip\xc8\v2.00\pic\sources\c99\common\atoi.c estimated size: 235

C:\Program Files (x86)\Microchip\xc8\v2.00\pic\sources\c99\common\fleq.c
		___fleq        		CODE           	1F59	0000	81

C:\Program Files (x86)\Microchip\xc8\v2.00\pic\sources\c99\common\fleq.c estimated size: 81

mcc_generated_files/i2c1_driver.c
		_i2c1_driver_open		CODE           	1C7C	0000	17

mcc_generated_files/i2c1_driver.c estimated size: 17

mcc_generated_files/eusart.c
		_putch         		CODE           	1C37	0000	10
		_EUSART_Write  		CODE           	1C40	0000	12
		_EUSART_Initialize		CODE           	1D38	0000	35
		_EUSART_SetFramingErrorHandler		CODE           	1C1A	0000	7
		_EUSART_SetErrorHandler		CODE           	1C14	0000	7
		_EUSART_SetOverrunErrorHandler		CODE           	1C20	0000	7

mcc_generated_files/eusart.c estimated size: 78

tmp122x.c
		_TMP112x_Init  		CODE           	1CAF	0000	24
		_TMP112x_ReadTemp		CODE           	1392	0000	183

tmp122x.c estimated size: 207

C:\Program Files (x86)\Microchip\xc8\v2.00\pic\sources\c99\common\Umul16.c
		___wmul        		CODE           	1D5A	0000	35

C:\Program Files (x86)\Microchip\xc8\v2.00\pic\sources\c99\common\Umul16.c estimated size: 35

main.c
		_main          		CODE           	1FA9	0000	88

main.c estimated size: 88

C:\Program Files (x86)\Microchip\xc8\v2.00\pic\sources\c99\common\nf_fputs.c
		_fputs         		CODE           	1E13	0000	44

C:\Program Files (x86)\Microchip\xc8\v2.00\pic\sources\c99\common\nf_fputs.c estimated size: 44

C:\Program Files (x86)\Microchip\xc8\v2.00\pic\sources\c99\common\isupper.c
		_isupper       		CODE           	1CDF	0000	26

C:\Program Files (x86)\Microchip\xc8\v2.00\pic\sources\c99\common\isupper.c estimated size: 26

C:\Program Files (x86)\Microchip\xc8\v2.00\pic\sources\c99\common\flneg.c
		___flneg       		CODE           	1C6F	0000	14

C:\Program Files (x86)\Microchip\xc8\v2.00\pic\sources\c99\common\flneg.c estimated size: 14

